../Core/Src/main.c:70:6:HAL_TIM_IC_CaptureCallback	16	static
../Core/Src/main.c:92:6:u_Delay	16	static
../Core/Src/main.c:97:6:HCSR04_Trigger	8	static
../Core/Src/main.c:114:5:main	8	static
../Core/Src/main.c:163:6:SystemClock_Config	128	static
../Core/Src/main.c:211:13:MX_I2C1_Init	8	static
../Core/Src/main.c:259:13:MX_TIM2_Init	32	static
../Core/Src/main.c:307:13:MX_TIM6_Init	16	static
../Core/Src/main.c:345:13:MX_GPIO_Init	48	static
../Core/Src/main.c:379:6:Error_Handler	8	static,ignoring_inline_asm
