../Core/Src/main.c:72:5:main	8	static
../Core/Src/main.c:143:6:SystemClock_Config	96	static
../Core/Src/main.c:184:13:MX_TIM2_Init	32	static
../Core/Src/main.c:229:13:MX_GPIO_Init	32	static
../Core/Src/main.c:251:6:DHT11_START	8	static
../Core/Src/main.c:262:6:DELAY_MICRO	16	static
../Core/Src/main.c:267:9:DHT11_READ_RESPONSE	16	static
../Core/Src/main.c:279:9:DHT11_CHECK_RESPONSE	8	static
../Core/Src/main.c:293:6:DHT11_ALTERN_PIN	48	static
../Core/Src/main.c:318:6:Error_Handler	8	static,ignoring_inline_asm
