18:02:54 **** Incremental Build of configuration Debug for project ADC Simples ****
make -j12 all 
arm-none-eabi-gcc "../Core/Src/main.c" -mcpu=cortex-m0plus -std=gnu11 -g3 -DDEBUG -DUSE_HAL_DRIVER -DSTM32L053xx -c -I../Core/Inc -I../Drivers/STM32L0xx_HAL_Driver/Inc -I../Drivers/STM32L0xx_HAL_Driver/Inc/Legacy -I../Drivers/CMSIS/Device/ST/STM32L0xx/Include -I../Drivers/CMSIS/Include -O0 -ffunction-sections -fdata-sections -Wall -fstack-usage -fcyclomatic-complexity -MMD -MP -MF"Core/Src/main.d" -MT"Core/Src/main.o" --specs=nano.specs -mfloat-abi=soft -mthumb -o "Core/Src/main.o"
arm-none-eabi-gcc -o "ADC Simples.elf" @"objects.list"   -mcpu=cortex-m0plus -T"C:\Users\ALUNO OC\Desktop\Guto\Estudos\Programação\Microcontroladores\Conceitos\ADC\Simples\STM32L053R8TX_FLASH.ld" --specs=nosys.specs -Wl,-Map="ADC Simples.map" -Wl,--gc-sections -static --specs=nano.specs -mfloat-abi=soft -mthumb -Wl,--start-group -lc -lm -Wl,--end-group
Finished building target: ADC Simples.elf
 
arm-none-eabi-size  ADC\ Simples.elf 
arm-none-eabi-objdump -h -S ADC\ Simples.elf  > "ADC Simples.list"
   text	   data	    bss	    dec	    hex	filename
  10220	     12	   1668	  11900	   2e7c	ADC Simples.elf
Finished building: default.size.stdout
 
Finished building: ADC Simples.list
 

18:02:56 Build Finished. 0 errors, 0 warnings. (took 1s.978ms)

