15:14:00 **** Incremental Build of configuration Debug for project ADC com DMA ****
make -j12 all 
arm-none-eabi-gcc "../Core/Src/main.c" -mcpu=cortex-m0plus -std=gnu11 -g3 -DDEBUG -DUSE_HAL_DRIVER -DSTM32L053xx -c -I../Core/Inc -I../Drivers/STM32L0xx_HAL_Driver/Inc -I../Drivers/STM32L0xx_HAL_Driver/Inc/Legacy -I../Drivers/CMSIS/Device/ST/STM32L0xx/Include -I../Drivers/CMSIS/Include -O0 -ffunction-sections -fdata-sections -Wall -fstack-usage -fcyclomatic-complexity -MMD -MP -MF"Core/Src/main.d" -MT"Core/Src/main.o" --specs=nano.specs -mfloat-abi=soft -mthumb -o "Core/Src/main.o"
arm-none-eabi-gcc -o "ADC com DMA.elf" @"objects.list"   -mcpu=cortex-m0plus -T"C:\Users\ALUNO OC\Desktop\Guto\Estudos\Programação\Microcontroladores\Projetos\ADC com DMA\STM32L053R8TX_FLASH.ld" --specs=nosys.specs -Wl,-Map="ADC com DMA.map" -Wl,--gc-sections -static --specs=nano.specs -mfloat-abi=soft -mthumb -Wl,--start-group -lc -lm -Wl,--end-group
Finished building target: ADC com DMA.elf
 
arm-none-eabi-size  ADC\ com\ DMA.elf 
arm-none-eabi-objdump -h -S ADC\ com\ DMA.elf  > "ADC com DMA.list"
   text	   data	    bss	    dec	    hex	filename
  12524	     12	   1804	  14340	   3804	ADC com DMA.elf
Finished building: default.size.stdout
 
Finished building: ADC com DMA.list
 

15:14:02 Build Finished. 0 errors, 0 warnings. (took 1s.977ms)

