21:44:15 **** Build of configuration Debug for project Projeto Ampulheta ****
make -j12 all 
arm-none-eabi-gcc "../Drivers/STM32L0xx_HAL_Driver/Src/stm32l0xx_hal.c" -mcpu=cortex-m0plus -std=gnu11 -g3 -DDEBUG -DUSE_HAL_DRIVER -DSTM32L053xx -c -I../Core/Inc -I../Drivers/STM32L0xx_HAL_Driver/Inc -I../Drivers/STM32L0xx_HAL_Driver/Inc/Legacy -I../Drivers/CMSIS/Device/ST/STM32L0xx/Include -I../Drivers/CMSIS/Include -O0 -ffunction-sections -fdata-sections -Wall -fstack-usage -fcyclomatic-complexity -MMD -MP -MF"Drivers/STM32L0xx_HAL_Driver/Src/stm32l0xx_hal.d" -MT"Drivers/STM32L0xx_HAL_Driver/Src/stm32l0xx_hal.o" --specs=nano.specs -mfloat-abi=soft -mthumb -o "Drivers/STM32L0xx_HAL_Driver/Src/stm32l0xx_hal.o"
arm-none-eabi-gcc "../Drivers/STM32L0xx_HAL_Driver/Src/stm32l0xx_hal_cortex.c" -mcpu=cortex-m0plus -std=gnu11 -g3 -DDEBUG -DUSE_HAL_DRIVER -DSTM32L053xx -c -I../Core/Inc -I../Drivers/STM32L0xx_HAL_Driver/Inc -I../Drivers/STM32L0xx_HAL_Driver/Inc/Legacy -I../Drivers/CMSIS/Device/ST/STM32L0xx/Include -I../Drivers/CMSIS/Include -O0 -ffunction-sections -fdata-sections -Wall -fstack-usage -fcyclomatic-complexity -MMD -MP -MF"Drivers/STM32L0xx_HAL_Driver/Src/stm32l0xx_hal_cortex.d" -MT"Drivers/STM32L0xx_HAL_Driver/Src/stm32l0xx_hal_cortex.o" --specs=nano.specs -mfloat-abi=soft -mthumb -o "Drivers/STM32L0xx_HAL_Driver/Src/stm32l0xx_hal_cortex.o"
arm-none-eabi-gcc "../Drivers/STM32L0xx_HAL_Driver/Src/stm32l0xx_hal_dma.c" -mcpu=cortex-m0plus -std=gnu11 -g3 -DDEBUG -DUSE_HAL_DRIVER -DSTM32L053xx -c -I../Core/Inc -I../Drivers/STM32L0xx_HAL_Driver/Inc -I../Drivers/STM32L0xx_HAL_Driver/Inc/Legacy -I../Drivers/CMSIS/Device/ST/STM32L0xx/Include -I../Drivers/CMSIS/Include -O0 -ffunction-sections -fdata-sections -Wall -fstack-usage -fcyclomatic-complexity -MMD -MP -MF"Drivers/STM32L0xx_HAL_Driver/Src/stm32l0xx_hal_dma.d" -MT"Drivers/STM32L0xx_HAL_Driver/Src/stm32l0xx_hal_dma.o" --specs=nano.specs -mfloat-abi=soft -mthumb -o "Drivers/STM32L0xx_HAL_Driver/Src/stm32l0xx_hal_dma.o"
arm-none-eabi-gcc "../Drivers/STM32L0xx_HAL_Driver/Src/stm32l0xx_hal_exti.c" -mcpu=cortex-m0plus -std=gnu11 -g3 -DDEBUG -DUSE_HAL_DRIVER -DSTM32L053xx -c -I../Core/Inc -I../Drivers/STM32L0xx_HAL_Driver/Inc -I../Drivers/STM32L0xx_HAL_Driver/Inc/Legacy -I../Drivers/CMSIS/Device/ST/STM32L0xx/Include -I../Drivers/CMSIS/Include -O0 -ffunction-sections -fdata-sections -Wall -fstack-usage -fcyclomatic-complexity -MMD -MP -MF"Drivers/STM32L0xx_HAL_Driver/Src/stm32l0xx_hal_exti.d" -MT"Drivers/STM32L0xx_HAL_Driver/Src/stm32l0xx_hal_exti.o" --specs=nano.specs -mfloat-abi=soft -mthumb -o "Drivers/STM32L0xx_HAL_Driver/Src/stm32l0xx_hal_exti.o"
arm-none-eabi-gcc "../Drivers/STM32L0xx_HAL_Driver/Src/stm32l0xx_hal_flash.c" -mcpu=cortex-m0plus -std=gnu11 -g3 -DDEBUG -DUSE_HAL_DRIVER -DSTM32L053xx -c -I../Core/Inc -I../Drivers/STM32L0xx_HAL_Driver/Inc -I../Drivers/STM32L0xx_HAL_Driver/Inc/Legacy -I../Drivers/CMSIS/Device/ST/STM32L0xx/Include -I../Drivers/CMSIS/Include -O0 -ffunction-sections -fdata-sections -Wall -fstack-usage -fcyclomatic-complexity -MMD -MP -MF"Drivers/STM32L0xx_HAL_Driver/Src/stm32l0xx_hal_flash.d" -MT"Drivers/STM32L0xx_HAL_Driver/Src/stm32l0xx_hal_flash.o" --specs=nano.specs -mfloat-abi=soft -mthumb -o "Drivers/STM32L0xx_HAL_Driver/Src/stm32l0xx_hal_flash.o"
arm-none-eabi-gcc "../Drivers/STM32L0xx_HAL_Driver/Src/stm32l0xx_hal_flash_ex.c" -mcpu=cortex-m0plus -std=gnu11 -g3 -DDEBUG -DUSE_HAL_DRIVER -DSTM32L053xx -c -I../Core/Inc -I../Drivers/STM32L0xx_HAL_Driver/Inc -I../Drivers/STM32L0xx_HAL_Driver/Inc/Legacy -I../Drivers/CMSIS/Device/ST/STM32L0xx/Include -I../Drivers/CMSIS/Include -O0 -ffunction-sections -fdata-sections -Wall -fstack-usage -fcyclomatic-complexity -MMD -MP -MF"Drivers/STM32L0xx_HAL_Driver/Src/stm32l0xx_hal_flash_ex.d" -MT"Drivers/STM32L0xx_HAL_Driver/Src/stm32l0xx_hal_flash_ex.o" --specs=nano.specs -mfloat-abi=soft -mthumb -o "Drivers/STM32L0xx_HAL_Driver/Src/stm32l0xx_hal_flash_ex.o"
arm-none-eabi-gcc "../Drivers/STM32L0xx_HAL_Driver/Src/stm32l0xx_hal_flash_ramfunc.c" -mcpu=cortex-m0plus -std=gnu11 -g3 -DDEBUG -DUSE_HAL_DRIVER -DSTM32L053xx -c -I../Core/Inc -I../Drivers/STM32L0xx_HAL_Driver/Inc -I../Drivers/STM32L0xx_HAL_Driver/Inc/Legacy -I../Drivers/CMSIS/Device/ST/STM32L0xx/Include -I../Drivers/CMSIS/Include -O0 -ffunction-sections -fdata-sections -Wall -fstack-usage -fcyclomatic-complexity -MMD -MP -MF"Drivers/STM32L0xx_HAL_Driver/Src/stm32l0xx_hal_flash_ramfunc.d" -MT"Drivers/STM32L0xx_HAL_Driver/Src/stm32l0xx_hal_flash_ramfunc.o" --specs=nano.specs -mfloat-abi=soft -mthumb -o "Drivers/STM32L0xx_HAL_Driver/Src/stm32l0xx_hal_flash_ramfunc.o"
arm-none-eabi-gcc "../Drivers/STM32L0xx_HAL_Driver/Src/stm32l0xx_hal_gpio.c" -mcpu=cortex-m0plus -std=gnu11 -g3 -DDEBUG -DUSE_HAL_DRIVER -DSTM32L053xx -c -I../Core/Inc -I../Drivers/STM32L0xx_HAL_Driver/Inc -I../Drivers/STM32L0xx_HAL_Driver/Inc/Legacy -I../Drivers/CMSIS/Device/ST/STM32L0xx/Include -I../Drivers/CMSIS/Include -O0 -ffunction-sections -fdata-sections -Wall -fstack-usage -fcyclomatic-complexity -MMD -MP -MF"Drivers/STM32L0xx_HAL_Driver/Src/stm32l0xx_hal_gpio.d" -MT"Drivers/STM32L0xx_HAL_Driver/Src/stm32l0xx_hal_gpio.o" --specs=nano.specs -mfloat-abi=soft -mthumb -o "Drivers/STM32L0xx_HAL_Driver/Src/stm32l0xx_hal_gpio.o"
arm-none-eabi-gcc "../Drivers/STM32L0xx_HAL_Driver/Src/stm32l0xx_hal_i2c.c" -mcpu=cortex-m0plus -std=gnu11 -g3 -DDEBUG -DUSE_HAL_DRIVER -DSTM32L053xx -c -I../Core/Inc -I../Drivers/STM32L0xx_HAL_Driver/Inc -I../Drivers/STM32L0xx_HAL_Driver/Inc/Legacy -I../Drivers/CMSIS/Device/ST/STM32L0xx/Include -I../Drivers/CMSIS/Include -O0 -ffunction-sections -fdata-sections -Wall -fstack-usage -fcyclomatic-complexity -MMD -MP -MF"Drivers/STM32L0xx_HAL_Driver/Src/stm32l0xx_hal_i2c.d" -MT"Drivers/STM32L0xx_HAL_Driver/Src/stm32l0xx_hal_i2c.o" --specs=nano.specs -mfloat-abi=soft -mthumb -o "Drivers/STM32L0xx_HAL_Driver/Src/stm32l0xx_hal_i2c.o"
arm-none-eabi-gcc "../Drivers/STM32L0xx_HAL_Driver/Src/stm32l0xx_hal_i2c_ex.c" -mcpu=cortex-m0plus -std=gnu11 -g3 -DDEBUG -DUSE_HAL_DRIVER -DSTM32L053xx -c -I../Core/Inc -I../Drivers/STM32L0xx_HAL_Driver/Inc -I../Drivers/STM32L0xx_HAL_Driver/Inc/Legacy -I../Drivers/CMSIS/Device/ST/STM32L0xx/Include -I../Drivers/CMSIS/Include -O0 -ffunction-sections -fdata-sections -Wall -fstack-usage -fcyclomatic-complexity -MMD -MP -MF"Drivers/STM32L0xx_HAL_Driver/Src/stm32l0xx_hal_i2c_ex.d" -MT"Drivers/STM32L0xx_HAL_Driver/Src/stm32l0xx_hal_i2c_ex.o" --specs=nano.specs -mfloat-abi=soft -mthumb -o "Drivers/STM32L0xx_HAL_Driver/Src/stm32l0xx_hal_i2c_ex.o"
arm-none-eabi-gcc "../Drivers/STM32L0xx_HAL_Driver/Src/stm32l0xx_hal_pwr.c" -mcpu=cortex-m0plus -std=gnu11 -g3 -DDEBUG -DUSE_HAL_DRIVER -DSTM32L053xx -c -I../Core/Inc -I../Drivers/STM32L0xx_HAL_Driver/Inc -I../Drivers/STM32L0xx_HAL_Driver/Inc/Legacy -I../Drivers/CMSIS/Device/ST/STM32L0xx/Include -I../Drivers/CMSIS/Include -O0 -ffunction-sections -fdata-sections -Wall -fstack-usage -fcyclomatic-complexity -MMD -MP -MF"Drivers/STM32L0xx_HAL_Driver/Src/stm32l0xx_hal_pwr.d" -MT"Drivers/STM32L0xx_HAL_Driver/Src/stm32l0xx_hal_pwr.o" --specs=nano.specs -mfloat-abi=soft -mthumb -o "Drivers/STM32L0xx_HAL_Driver/Src/stm32l0xx_hal_pwr.o"
arm-none-eabi-gcc "../Drivers/STM32L0xx_HAL_Driver/Src/stm32l0xx_hal_pwr_ex.c" -mcpu=cortex-m0plus -std=gnu11 -g3 -DDEBUG -DUSE_HAL_DRIVER -DSTM32L053xx -c -I../Core/Inc -I../Drivers/STM32L0xx_HAL_Driver/Inc -I../Drivers/STM32L0xx_HAL_Driver/Inc/Legacy -I../Drivers/CMSIS/Device/ST/STM32L0xx/Include -I../Drivers/CMSIS/Include -O0 -ffunction-sections -fdata-sections -Wall -fstack-usage -fcyclomatic-complexity -MMD -MP -MF"Drivers/STM32L0xx_HAL_Driver/Src/stm32l0xx_hal_pwr_ex.d" -MT"Drivers/STM32L0xx_HAL_Driver/Src/stm32l0xx_hal_pwr_ex.o" --specs=nano.specs -mfloat-abi=soft -mthumb -o "Drivers/STM32L0xx_HAL_Driver/Src/stm32l0xx_hal_pwr_ex.o"
arm-none-eabi-gcc "../Drivers/STM32L0xx_HAL_Driver/Src/stm32l0xx_hal_rcc.c" -mcpu=cortex-m0plus -std=gnu11 -g3 -DDEBUG -DUSE_HAL_DRIVER -DSTM32L053xx -c -I../Core/Inc -I../Drivers/STM32L0xx_HAL_Driver/Inc -I../Drivers/STM32L0xx_HAL_Driver/Inc/Legacy -I../Drivers/CMSIS/Device/ST/STM32L0xx/Include -I../Drivers/CMSIS/Include -O0 -ffunction-sections -fdata-sections -Wall -fstack-usage -fcyclomatic-complexity -MMD -MP -MF"Drivers/STM32L0xx_HAL_Driver/Src/stm32l0xx_hal_rcc.d" -MT"Drivers/STM32L0xx_HAL_Driver/Src/stm32l0xx_hal_rcc.o" --specs=nano.specs -mfloat-abi=soft -mthumb -o "Drivers/STM32L0xx_HAL_Driver/Src/stm32l0xx_hal_rcc.o"
arm-none-eabi-gcc "../Drivers/STM32L0xx_HAL_Driver/Src/stm32l0xx_hal_rcc_ex.c" -mcpu=cortex-m0plus -std=gnu11 -g3 -DDEBUG -DUSE_HAL_DRIVER -DSTM32L053xx -c -I../Core/Inc -I../Drivers/STM32L0xx_HAL_Driver/Inc -I../Drivers/STM32L0xx_HAL_Driver/Inc/Legacy -I../Drivers/CMSIS/Device/ST/STM32L0xx/Include -I../Drivers/CMSIS/Include -O0 -ffunction-sections -fdata-sections -Wall -fstack-usage -fcyclomatic-complexity -MMD -MP -MF"Drivers/STM32L0xx_HAL_Driver/Src/stm32l0xx_hal_rcc_ex.d" -MT"Drivers/STM32L0xx_HAL_Driver/Src/stm32l0xx_hal_rcc_ex.o" --specs=nano.specs -mfloat-abi=soft -mthumb -o "Drivers/STM32L0xx_HAL_Driver/Src/stm32l0xx_hal_rcc_ex.o"
arm-none-eabi-gcc -mcpu=cortex-m0plus -g3 -DDEBUG -c -x assembler-with-cpp -MMD -MP -MF"Core/Startup/startup_stm32l053r8tx.d" -MT"Core/Startup/startup_stm32l053r8tx.o" --specs=nano.specs -mfloat-abi=soft -mthumb -o "Core/Startup/startup_stm32l053r8tx.o" "../Core/Startup/startup_stm32l053r8tx.s"
arm-none-eabi-gcc "../Core/Src/main.c" -mcpu=cortex-m0plus -std=gnu11 -g3 -DDEBUG -DUSE_HAL_DRIVER -DSTM32L053xx -c -I../Core/Inc -I../Drivers/STM32L0xx_HAL_Driver/Inc -I../Drivers/STM32L0xx_HAL_Driver/Inc/Legacy -I../Drivers/CMSIS/Device/ST/STM32L0xx/Include -I../Drivers/CMSIS/Include -O0 -ffunction-sections -fdata-sections -Wall -fstack-usage -fcyclomatic-complexity -MMD -MP -MF"Core/Src/main.d" -MT"Core/Src/main.o" --specs=nano.specs -mfloat-abi=soft -mthumb -o "Core/Src/main.o"
arm-none-eabi-gcc "../Core/Src/ssd1306.c" -mcpu=cortex-m0plus -std=gnu11 -g3 -DDEBUG -DUSE_HAL_DRIVER -DSTM32L053xx -c -I../Core/Inc -I../Drivers/STM32L0xx_HAL_Driver/Inc -I../Drivers/STM32L0xx_HAL_Driver/Inc/Legacy -I../Drivers/CMSIS/Device/ST/STM32L0xx/Include -I../Drivers/CMSIS/Include -O0 -ffunction-sections -fdata-sections -Wall -fstack-usage -fcyclomatic-complexity -MMD -MP -MF"Core/Src/ssd1306.d" -MT"Core/Src/ssd1306.o" --specs=nano.specs -mfloat-abi=soft -mthumb -o "Core/Src/ssd1306.o"
arm-none-eabi-gcc "../Core/Src/ssd1306_fonts.c" -mcpu=cortex-m0plus -std=gnu11 -g3 -DDEBUG -DUSE_HAL_DRIVER -DSTM32L053xx -c -I../Core/Inc -I../Drivers/STM32L0xx_HAL_Driver/Inc -I../Drivers/STM32L0xx_HAL_Driver/Inc/Legacy -I../Drivers/CMSIS/Device/ST/STM32L0xx/Include -I../Drivers/CMSIS/Include -O0 -ffunction-sections -fdata-sections -Wall -fstack-usage -fcyclomatic-complexity -MMD -MP -MF"Core/Src/ssd1306_fonts.d" -MT"Core/Src/ssd1306_fonts.o" --specs=nano.specs -mfloat-abi=soft -mthumb -o "Core/Src/ssd1306_fonts.o"
arm-none-eabi-gcc "../Core/Src/ssd1306_tests.c" -mcpu=cortex-m0plus -std=gnu11 -g3 -DDEBUG -DUSE_HAL_DRIVER -DSTM32L053xx -c -I../Core/Inc -I../Drivers/STM32L0xx_HAL_Driver/Inc -I../Drivers/STM32L0xx_HAL_Driver/Inc/Legacy -I../Drivers/CMSIS/Device/ST/STM32L0xx/Include -I../Drivers/CMSIS/Include -O0 -ffunction-sections -fdata-sections -Wall -fstack-usage -fcyclomatic-complexity -MMD -MP -MF"Core/Src/ssd1306_tests.d" -MT"Core/Src/ssd1306_tests.o" --specs=nano.specs -mfloat-abi=soft -mthumb -o "Core/Src/ssd1306_tests.o"
arm-none-eabi-gcc "../Core/Src/stm32l0xx_hal_msp.c" -mcpu=cortex-m0plus -std=gnu11 -g3 -DDEBUG -DUSE_HAL_DRIVER -DSTM32L053xx -c -I../Core/Inc -I../Drivers/STM32L0xx_HAL_Driver/Inc -I../Drivers/STM32L0xx_HAL_Driver/Inc/Legacy -I../Drivers/CMSIS/Device/ST/STM32L0xx/Include -I../Drivers/CMSIS/Include -O0 -ffunction-sections -fdata-sections -Wall -fstack-usage -fcyclomatic-complexity -MMD -MP -MF"Core/Src/stm32l0xx_hal_msp.d" -MT"Core/Src/stm32l0xx_hal_msp.o" --specs=nano.specs -mfloat-abi=soft -mthumb -o "Core/Src/stm32l0xx_hal_msp.o"
arm-none-eabi-gcc "../Core/Src/stm32l0xx_it.c" -mcpu=cortex-m0plus -std=gnu11 -g3 -DDEBUG -DUSE_HAL_DRIVER -DSTM32L053xx -c -I../Core/Inc -I../Drivers/STM32L0xx_HAL_Driver/Inc -I../Drivers/STM32L0xx_HAL_Driver/Inc/Legacy -I../Drivers/CMSIS/Device/ST/STM32L0xx/Include -I../Drivers/CMSIS/Include -O0 -ffunction-sections -fdata-sections -Wall -fstack-usage -fcyclomatic-complexity -MMD -MP -MF"Core/Src/stm32l0xx_it.d" -MT"Core/Src/stm32l0xx_it.o" --specs=nano.specs -mfloat-abi=soft -mthumb -o "Core/Src/stm32l0xx_it.o"
arm-none-eabi-gcc "../Core/Src/syscalls.c" -mcpu=cortex-m0plus -std=gnu11 -g3 -DDEBUG -DUSE_HAL_DRIVER -DSTM32L053xx -c -I../Core/Inc -I../Drivers/STM32L0xx_HAL_Driver/Inc -I../Drivers/STM32L0xx_HAL_Driver/Inc/Legacy -I../Drivers/CMSIS/Device/ST/STM32L0xx/Include -I../Drivers/CMSIS/Include -O0 -ffunction-sections -fdata-sections -Wall -fstack-usage -fcyclomatic-complexity -MMD -MP -MF"Core/Src/syscalls.d" -MT"Core/Src/syscalls.o" --specs=nano.specs -mfloat-abi=soft -mthumb -o "Core/Src/syscalls.o"
arm-none-eabi-gcc "../Core/Src/sysmem.c" -mcpu=cortex-m0plus -std=gnu11 -g3 -DDEBUG -DUSE_HAL_DRIVER -DSTM32L053xx -c -I../Core/Inc -I../Drivers/STM32L0xx_HAL_Driver/Inc -I../Drivers/STM32L0xx_HAL_Driver/Inc/Legacy -I../Drivers/CMSIS/Device/ST/STM32L0xx/Include -I../Drivers/CMSIS/Include -O0 -ffunction-sections -fdata-sections -Wall -fstack-usage -fcyclomatic-complexity -MMD -MP -MF"Core/Src/sysmem.d" -MT"Core/Src/sysmem.o" --specs=nano.specs -mfloat-abi=soft -mthumb -o "Core/Src/sysmem.o"
arm-none-eabi-gcc "../Core/Src/system_stm32l0xx.c" -mcpu=cortex-m0plus -std=gnu11 -g3 -DDEBUG -DUSE_HAL_DRIVER -DSTM32L053xx -c -I../Core/Inc -I../Drivers/STM32L0xx_HAL_Driver/Inc -I../Drivers/STM32L0xx_HAL_Driver/Inc/Legacy -I../Drivers/CMSIS/Device/ST/STM32L0xx/Include -I../Drivers/CMSIS/Include -O0 -ffunction-sections -fdata-sections -Wall -fstack-usage -fcyclomatic-complexity -MMD -MP -MF"Core/Src/system_stm32l0xx.d" -MT"Core/Src/system_stm32l0xx.o" --specs=nano.specs -mfloat-abi=soft -mthumb -o "Core/Src/system_stm32l0xx.o"
In file included from ../Core/Inc/ssd1306_fonts.h:4,
                 from ../Core/Src/ssd1306_fonts.c:2:
../Core/Inc/ssd1306.h:23:10: fatal error: stm32f0xx_hal.h: No such file or directory
   23 | #include "stm32f0xx_hal.h"
      |          ^~~~~~~~~~~~~~~~~
compilation terminated.
In file included from ../Core/Src/ssd1306.c:1:
../Core/Inc/ssd1306.h:23:10: fatal error: stm32f0xx_hal.h: No such file or directory
   23 | #include "stm32f0xx_hal.h"
      |          ^~~~~~~~~~~~~~~~~
compilation terminated.
In file included from ../Core/Src/main.c:24:
../Core/Inc/ssd1306.h:23:10: fatal error: stm32f0xx_hal.h: No such file or directory
   23 | #include "stm32f0xx_hal.h"
      |          ^~~~~~~~~~~~~~~~~
compilation terminated.
make: *** [Core/Src/subdir.mk:43: Core/Src/ssd1306.o] Error 1
make: *** Waiting for unfinished jobs....
make: *** [Core/Src/subdir.mk:43: Core/Src/ssd1306_fonts.o] Error 1
make: *** [Core/Src/subdir.mk:43: Core/Src/main.o] Error 1
In file included from ../Core/Src/ssd1306_tests.c:3:
../Core/Inc/ssd1306.h:23:10: fatal error: stm32f0xx_hal.h: No such file or directory
   23 | #include "stm32f0xx_hal.h"
      |          ^~~~~~~~~~~~~~~~~
compilation terminated.
make: *** [Core/Src/subdir.mk:43: Core/Src/ssd1306_tests.o] Error 1
"make -j12 all" terminated with exit code 2. Build might be incomplete.
21:44:40 **** Incremental Build of configuration Debug for project Projeto Ampulheta ****
make -j12 all 
arm-none-eabi-gcc "../Core/Src/main.c" -mcpu=cortex-m0plus -std=gnu11 -g3 -DDEBUG -DUSE_HAL_DRIVER -DSTM32L053xx -c -I../Core/Inc -I../Drivers/STM32L0xx_HAL_Driver/Inc -I../Drivers/STM32L0xx_HAL_Driver/Inc/Legacy -I../Drivers/CMSIS/Device/ST/STM32L0xx/Include -I../Drivers/CMSIS/Include -O0 -ffunction-sections -fdata-sections -Wall -fstack-usage -fcyclomatic-complexity -MMD -MP -MF"Core/Src/main.d" -MT"Core/Src/main.o" --specs=nano.specs -mfloat-abi=soft -mthumb -o "Core/Src/main.o"
arm-none-eabi-gcc "../Core/Src/ssd1306.c" -mcpu=cortex-m0plus -std=gnu11 -g3 -DDEBUG -DUSE_HAL_DRIVER -DSTM32L053xx -c -I../Core/Inc -I../Drivers/STM32L0xx_HAL_Driver/Inc -I../Drivers/STM32L0xx_HAL_Driver/Inc/Legacy -I../Drivers/CMSIS/Device/ST/STM32L0xx/Include -I../Drivers/CMSIS/Include -O0 -ffunction-sections -fdata-sections -Wall -fstack-usage -fcyclomatic-complexity -MMD -MP -MF"Core/Src/ssd1306.d" -MT"Core/Src/ssd1306.o" --specs=nano.specs -mfloat-abi=soft -mthumb -o "Core/Src/ssd1306.o"
arm-none-eabi-gcc "../Core/Src/ssd1306_fonts.c" -mcpu=cortex-m0plus -std=gnu11 -g3 -DDEBUG -DUSE_HAL_DRIVER -DSTM32L053xx -c -I../Core/Inc -I../Drivers/STM32L0xx_HAL_Driver/Inc -I../Drivers/STM32L0xx_HAL_Driver/Inc/Legacy -I../Drivers/CMSIS/Device/ST/STM32L0xx/Include -I../Drivers/CMSIS/Include -O0 -ffunction-sections -fdata-sections -Wall -fstack-usage -fcyclomatic-complexity -MMD -MP -MF"Core/Src/ssd1306_fonts.d" -MT"Core/Src/ssd1306_fonts.o" --specs=nano.specs -mfloat-abi=soft -mthumb -o "Core/Src/ssd1306_fonts.o"
arm-none-eabi-gcc "../Core/Src/ssd1306_tests.c" -mcpu=cortex-m0plus -std=gnu11 -g3 -DDEBUG -DUSE_HAL_DRIVER -DSTM32L053xx -c -I../Core/Inc -I../Drivers/STM32L0xx_HAL_Driver/Inc -I../Drivers/STM32L0xx_HAL_Driver/Inc/Legacy -I../Drivers/CMSIS/Device/ST/STM32L0xx/Include -I../Drivers/CMSIS/Include -O0 -ffunction-sections -fdata-sections -Wall -fstack-usage -fcyclomatic-complexity -MMD -MP -MF"Core/Src/ssd1306_tests.d" -MT"Core/Src/ssd1306_tests.o" --specs=nano.specs -mfloat-abi=soft -mthumb -o "Core/Src/ssd1306_tests.o"
In file included from ../Core/Src/ssd1306.c:1:
../Core/Inc/ssd1306.h:23:10: fatal error: stm32f0xx_hal.h: No such file or directory
   23 | #include "stm32f0xx_hal.h"
      |          ^~~~~~~~~~~~~~~~~
compilation terminated.
In file included from ../Core/Inc/ssd1306_fonts.h:4,
                 from ../Core/Src/ssd1306_fonts.c:2:
../Core/Inc/ssd1306.h:23:10: fatal error: stm32f0xx_hal.h: No such file or directory
   23 | #include "stm32f0xx_hal.h"
      |          ^~~~~~~~~~~~~~~~~
compilation terminated.
make: *** [Core/Src/subdir.mk:43: Core/Src/ssd1306.o] Error 1
make: *** Waiting for unfinished jobs....
In file included from ../Core/Src/main.c:24:
../Core/Inc/ssd1306.h:23:10: fatal error: stm32f0xx_hal.h: No such file or directory
   23 | #include "stm32f0xx_hal.h"
      |          ^~~~~~~~~~~~~~~~~
compilation terminated.
make: *** [Core/Src/subdir.mk:43: Core/Src/ssd1306_fonts.o] Error 1
make: *** [Core/Src/subdir.mk:43: Core/Src/main.o] Error 1
In file included from ../Core/Src/ssd1306_tests.c:3:
../Core/Inc/ssd1306.h:23:10: fatal error: stm32f0xx_hal.h: No such file or directory
   23 | #include "stm32f0xx_hal.h"
      |          ^~~~~~~~~~~~~~~~~
compilation terminated.
make: *** [Core/Src/subdir.mk:43: Core/Src/ssd1306_tests.o] Error 1
"make -j12 all" terminated with exit code 2. Build might be incomplete.
21:45:04 **** Incremental Build of configuration Debug for project Projeto Ampulheta ****
make -j12 all 
arm-none-eabi-gcc "../Core/Src/main.c" -mcpu=cortex-m0plus -std=gnu11 -g3 -DDEBUG -DUSE_HAL_DRIVER -DSTM32L053xx -c -I../Core/Inc -I../Drivers/STM32L0xx_HAL_Driver/Inc -I../Drivers/STM32L0xx_HAL_Driver/Inc/Legacy -I../Drivers/CMSIS/Device/ST/STM32L0xx/Include -I../Drivers/CMSIS/Include -O0 -ffunction-sections -fdata-sections -Wall -fstack-usage -fcyclomatic-complexity -MMD -MP -MF"Core/Src/main.d" -MT"Core/Src/main.o" --specs=nano.specs -mfloat-abi=soft -mthumb -o "Core/Src/main.o"
arm-none-eabi-gcc "../Core/Src/ssd1306.c" -mcpu=cortex-m0plus -std=gnu11 -g3 -DDEBUG -DUSE_HAL_DRIVER -DSTM32L053xx -c -I../Core/Inc -I../Drivers/STM32L0xx_HAL_Driver/Inc -I../Drivers/STM32L0xx_HAL_Driver/Inc/Legacy -I../Drivers/CMSIS/Device/ST/STM32L0xx/Include -I../Drivers/CMSIS/Include -O0 -ffunction-sections -fdata-sections -Wall -fstack-usage -fcyclomatic-complexity -MMD -MP -MF"Core/Src/ssd1306.d" -MT"Core/Src/ssd1306.o" --specs=nano.specs -mfloat-abi=soft -mthumb -o "Core/Src/ssd1306.o"
arm-none-eabi-gcc "../Core/Src/ssd1306_fonts.c" -mcpu=cortex-m0plus -std=gnu11 -g3 -DDEBUG -DUSE_HAL_DRIVER -DSTM32L053xx -c -I../Core/Inc -I../Drivers/STM32L0xx_HAL_Driver/Inc -I../Drivers/STM32L0xx_HAL_Driver/Inc/Legacy -I../Drivers/CMSIS/Device/ST/STM32L0xx/Include -I../Drivers/CMSIS/Include -O0 -ffunction-sections -fdata-sections -Wall -fstack-usage -fcyclomatic-complexity -MMD -MP -MF"Core/Src/ssd1306_fonts.d" -MT"Core/Src/ssd1306_fonts.o" --specs=nano.specs -mfloat-abi=soft -mthumb -o "Core/Src/ssd1306_fonts.o"
arm-none-eabi-gcc "../Core/Src/ssd1306_tests.c" -mcpu=cortex-m0plus -std=gnu11 -g3 -DDEBUG -DUSE_HAL_DRIVER -DSTM32L053xx -c -I../Core/Inc -I../Drivers/STM32L0xx_HAL_Driver/Inc -I../Drivers/STM32L0xx_HAL_Driver/Inc/Legacy -I../Drivers/CMSIS/Device/ST/STM32L0xx/Include -I../Drivers/CMSIS/Include -O0 -ffunction-sections -fdata-sections -Wall -fstack-usage -fcyclomatic-complexity -MMD -MP -MF"Core/Src/ssd1306_tests.d" -MT"Core/Src/ssd1306_tests.o" --specs=nano.specs -mfloat-abi=soft -mthumb -o "Core/Src/ssd1306_tests.o"
In file included from ../Drivers/STM32L0xx_HAL_Driver/Inc/stm32l0xx_hal_def.h:30,
                 from ../Drivers/STM32L0xx_HAL_Driver/Inc/stm32l0xx_hal_rcc.h:27,
                 from ../Core/Inc/stm32l0xx_hal_conf.h:188,
                 from ../Drivers/STM32L0xx_HAL_Driver/Inc/stm32l0xx_hal.h:29,
                 from ../Core/Inc/ssd1306.h:19,
                 from ../Core/Src/ssd1306.c:1:
../Drivers/STM32L0xx_HAL_Driver/Inc/Legacy/stm32_hal_legacy.h:812: warning: "GPIO_SPEED_HIGH" redefined
  812 | #define  GPIO_SPEED_HIGH   GPIO_SPEED_FREQ_HIGH
      | 
../Drivers/STM32L0xx_HAL_Driver/Inc/Legacy/stm32_hal_legacy.h:799: note: this is the location of the previous definition
  799 | #define  GPIO_SPEED_HIGH                          GPIO_SPEED_FREQ_VERY_HIGH
      | 
In file included from ../Drivers/STM32L0xx_HAL_Driver/Inc/stm32l0xx_hal_def.h:30,
                 from ../Drivers/STM32L0xx_HAL_Driver/Inc/stm32l0xx_hal_rcc.h:27,
                 from ../Core/Inc/stm32l0xx_hal_conf.h:188,
                 from ../Drivers/STM32L0xx_HAL_Driver/Inc/stm32l0xx_hal.h:29,
                 from ../Core/Inc/ssd1306.h:19,
                 from ../Core/Inc/ssd1306_fonts.h:4,
                 from ../Core/Src/ssd1306_fonts.c:2:
../Drivers/STM32L0xx_HAL_Driver/Inc/Legacy/stm32_hal_legacy.h:812: warning: "GPIO_SPEED_HIGH" redefined
  812 | #define  GPIO_SPEED_HIGH   GPIO_SPEED_FREQ_HIGH
      | 
../Drivers/STM32L0xx_HAL_Driver/Inc/Legacy/stm32_hal_legacy.h:799: note: this is the location of the previous definition
  799 | #define  GPIO_SPEED_HIGH                          GPIO_SPEED_FREQ_VERY_HIGH
      | 
In file included from ../Drivers/STM32L0xx_HAL_Driver/Inc/stm32l0xx_hal_def.h:30,
                 from ../Drivers/STM32L0xx_HAL_Driver/Inc/stm32l0xx_hal_rcc.h:27,
                 from ../Core/Inc/stm32l0xx_hal_conf.h:188,
                 from ../Drivers/STM32L0xx_HAL_Driver/Inc/stm32l0xx_hal.h:29,
                 from ../Core/Inc/ssd1306.h:19,
                 from ../Core/Src/ssd1306_tests.c:3:
../Drivers/STM32L0xx_HAL_Driver/Inc/Legacy/stm32_hal_legacy.h:812: warning: "GPIO_SPEED_HIGH" redefined
  812 | #define  GPIO_SPEED_HIGH   GPIO_SPEED_FREQ_HIGH
      | 
../Drivers/STM32L0xx_HAL_Driver/Inc/Legacy/stm32_hal_legacy.h:799: note: this is the location of the previous definition
  799 | #define  GPIO_SPEED_HIGH                          GPIO_SPEED_FREQ_VERY_HIGH
      | 
arm-none-eabi-gcc -o "Projeto Ampulheta.elf" @"objects.list"   -mcpu=cortex-m0plus -T"C:\Users\Smart4.0\STM32CubeIDE\workspace_1.19.0\Projeto Ampulheta\STM32L053R8TX_FLASH.ld" --specs=nosys.specs -Wl,-Map="Projeto Ampulheta.map" -Wl,--gc-sections -static --specs=nano.specs -mfloat-abi=soft -mthumb -Wl,--start-group -lc -lm -Wl,--end-group
Finished building target: Projeto Ampulheta.elf
 
arm-none-eabi-size  Projeto\ Ampulheta.elf 
arm-none-eabi-objdump -h -S Projeto\ Ampulheta.elf  > "Projeto Ampulheta.list"
   text	   data	    bss	    dec	    hex	filename
   7048	     12	   1652	   8712	   2208	Projeto Ampulheta.elf
Finished building: default.size.stdout
 
Finished building: Projeto Ampulheta.list
 
21:45:12 **** Incremental Build of configuration Debug for project Projeto Ampulheta ****
make -j12 all 
arm-none-eabi-size  Projeto\ Ampulheta.elf 
   text	   data	    bss	    dec	    hex	filename
   7048	     12	   1652	   8712	   2208	Projeto Ampulheta.elf
Finished building: default.size.stdout
 
21:45:39 **** Incremental Build of configuration Debug for project Projeto Ampulheta ****
make -j12 all 
arm-none-eabi-gcc "../Core/Src/main.c" -mcpu=cortex-m0plus -std=gnu11 -g3 -DDEBUG -DUSE_HAL_DRIVER -DSTM32L053xx -c -I../Core/Inc -I../Drivers/STM32L0xx_HAL_Driver/Inc -I../Drivers/STM32L0xx_HAL_Driver/Inc/Legacy -I../Drivers/CMSIS/Device/ST/STM32L0xx/Include -I../Drivers/CMSIS/Include -O0 -ffunction-sections -fdata-sections -Wall -fstack-usage -fcyclomatic-complexity -MMD -MP -MF"Core/Src/main.d" -MT"Core/Src/main.o" --specs=nano.specs -mfloat-abi=soft -mthumb -o "Core/Src/main.o"
arm-none-eabi-gcc -o "Projeto Ampulheta.elf" @"objects.list"   -mcpu=cortex-m0plus -T"C:\Users\Smart4.0\STM32CubeIDE\workspace_1.19.0\Projeto Ampulheta\STM32L053R8TX_FLASH.ld" --specs=nosys.specs -Wl,-Map="Projeto Ampulheta.map" -Wl,--gc-sections -static --specs=nano.specs -mfloat-abi=soft -mthumb -Wl,--start-group -lc -lm -Wl,--end-group
Finished building target: Projeto Ampulheta.elf
 
arm-none-eabi-size  Projeto\ Ampulheta.elf 
arm-none-eabi-objdump -h -S Projeto\ Ampulheta.elf  > "Projeto Ampulheta.list"
   text	   data	    bss	    dec	    hex	filename
  50484	     92	   3020	  53596	   d15c	Projeto Ampulheta.elf
Finished building: default.size.stdout
 
Finished building: Projeto Ampulheta.list
 
21:48:04 **** Incremental Build of configuration Debug for project Projeto Ampulheta ****
make -j12 all 
arm-none-eabi-gcc "../Core/Src/main.c" -mcpu=cortex-m0plus -std=gnu11 -g3 -DDEBUG -DUSE_HAL_DRIVER -DSTM32L053xx -c -I../Core/Inc -I../Drivers/STM32L0xx_HAL_Driver/Inc -I../Drivers/STM32L0xx_HAL_Driver/Inc/Legacy -I../Drivers/CMSIS/Device/ST/STM32L0xx/Include -I../Drivers/CMSIS/Include -O0 -ffunction-sections -fdata-sections -Wall -fstack-usage -fcyclomatic-complexity -MMD -MP -MF"Core/Src/main.d" -MT"Core/Src/main.o" --specs=nano.specs -mfloat-abi=soft -mthumb -o "Core/Src/main.o"
arm-none-eabi-gcc -o "Projeto Ampulheta.elf" @"objects.list"   -mcpu=cortex-m0plus -T"C:\Users\Smart4.0\STM32CubeIDE\workspace_1.19.0\Projeto Ampulheta\STM32L053R8TX_FLASH.ld" --specs=nosys.specs -Wl,-Map="Projeto Ampulheta.map" -Wl,--gc-sections -static --specs=nano.specs -mfloat-abi=soft -mthumb -Wl,--start-group -lc -lm -Wl,--end-group
Finished building target: Projeto Ampulheta.elf
 
arm-none-eabi-size  Projeto\ Ampulheta.elf 
arm-none-eabi-objdump -h -S Projeto\ Ampulheta.elf  > "Projeto Ampulheta.list"
   text	   data	    bss	    dec	    hex	filename
  12348	     12	   2684	  15044	   3ac4	Projeto Ampulheta.elf
Finished building: default.size.stdout
 
Finished building: Projeto Ampulheta.list
 
21:48:27 **** Incremental Build of configuration Debug for project Projeto Ampulheta ****
make -j12 all 
arm-none-eabi-gcc "../Core/Src/main.c" -mcpu=cortex-m0plus -std=gnu11 -g3 -DDEBUG -DUSE_HAL_DRIVER -DSTM32L053xx -c -I../Core/Inc -I../Drivers/STM32L0xx_HAL_Driver/Inc -I../Drivers/STM32L0xx_HAL_Driver/Inc/Legacy -I../Drivers/CMSIS/Device/ST/STM32L0xx/Include -I../Drivers/CMSIS/Include -O0 -ffunction-sections -fdata-sections -Wall -fstack-usage -fcyclomatic-complexity -MMD -MP -MF"Core/Src/main.d" -MT"Core/Src/main.o" --specs=nano.specs -mfloat-abi=soft -mthumb -o "Core/Src/main.o"
arm-none-eabi-gcc -o "Projeto Ampulheta.elf" @"objects.list"   -mcpu=cortex-m0plus -T"C:\Users\Smart4.0\STM32CubeIDE\workspace_1.19.0\Projeto Ampulheta\STM32L053R8TX_FLASH.ld" --specs=nosys.specs -Wl,-Map="Projeto Ampulheta.map" -Wl,--gc-sections -static --specs=nano.specs -mfloat-abi=soft -mthumb -Wl,--start-group -lc -lm -Wl,--end-group
Finished building target: Projeto Ampulheta.elf
 
arm-none-eabi-size  Projeto\ Ampulheta.elf 
arm-none-eabi-objdump -h -S Projeto\ Ampulheta.elf  > "Projeto Ampulheta.list"
   text	   data	    bss	    dec	    hex	filename
  12348	     12	   2684	  15044	   3ac4	Projeto Ampulheta.elf
Finished building: default.size.stdout
 
Finished building: Projeto Ampulheta.list
 
21:49:18 **** Incremental Build of configuration Debug for project Projeto Ampulheta ****
make -j12 all 
arm-none-eabi-gcc "../Core/Src/main.c" -mcpu=cortex-m0plus -std=gnu11 -g3 -DDEBUG -DUSE_HAL_DRIVER -DSTM32L053xx -c -I../Core/Inc -I../Drivers/STM32L0xx_HAL_Driver/Inc -I../Drivers/STM32L0xx_HAL_Driver/Inc/Legacy -I../Drivers/CMSIS/Device/ST/STM32L0xx/Include -I../Drivers/CMSIS/Include -O0 -ffunction-sections -fdata-sections -Wall -fstack-usage -fcyclomatic-complexity -MMD -MP -MF"Core/Src/main.d" -MT"Core/Src/main.o" --specs=nano.specs -mfloat-abi=soft -mthumb -o "Core/Src/main.o"
arm-none-eabi-gcc -o "Projeto Ampulheta.elf" @"objects.list"   -mcpu=cortex-m0plus -T"C:\Users\Smart4.0\STM32CubeIDE\workspace_1.19.0\Projeto Ampulheta\STM32L053R8TX_FLASH.ld" --specs=nosys.specs -Wl,-Map="Projeto Ampulheta.map" -Wl,--gc-sections -static --specs=nano.specs -mfloat-abi=soft -mthumb -Wl,--start-group -lc -lm -Wl,--end-group
Finished building target: Projeto Ampulheta.elf
 
arm-none-eabi-size  Projeto\ Ampulheta.elf 
arm-none-eabi-objdump -h -S Projeto\ Ampulheta.elf  > "Projeto Ampulheta.list"
   text	   data	    bss	    dec	    hex	filename
  12412	     12	   2684	  15108	   3b04	Projeto Ampulheta.elf
Finished building: default.size.stdout
 
Finished building: Projeto Ampulheta.list
 
21:51:53 **** Incremental Build of configuration Debug for project Projeto Ampulheta ****
make -j12 all 
arm-none-eabi-gcc "../Drivers/STM32L0xx_HAL_Driver/Src/stm32l0xx_hal.c" -mcpu=cortex-m0plus -std=gnu11 -g3 -DDEBUG -DUSE_HAL_DRIVER -DSTM32L053xx -c -I../Core/Inc -I../Drivers/STM32L0xx_HAL_Driver/Inc -I../Drivers/STM32L0xx_HAL_Driver/Inc/Legacy -I../Drivers/CMSIS/Device/ST/STM32L0xx/Include -I../Drivers/CMSIS/Include -O0 -ffunction-sections -fdata-sections -Wall -fstack-usage -fcyclomatic-complexity -MMD -MP -MF"Drivers/STM32L0xx_HAL_Driver/Src/stm32l0xx_hal.d" -MT"Drivers/STM32L0xx_HAL_Driver/Src/stm32l0xx_hal.o" --specs=nano.specs -mfloat-abi=soft -mthumb -o "Drivers/STM32L0xx_HAL_Driver/Src/stm32l0xx_hal.o"
arm-none-eabi-gcc "../Drivers/STM32L0xx_HAL_Driver/Src/stm32l0xx_hal_cortex.c" -mcpu=cortex-m0plus -std=gnu11 -g3 -DDEBUG -DUSE_HAL_DRIVER -DSTM32L053xx -c -I../Core/Inc -I../Drivers/STM32L0xx_HAL_Driver/Inc -I../Drivers/STM32L0xx_HAL_Driver/Inc/Legacy -I../Drivers/CMSIS/Device/ST/STM32L0xx/Include -I../Drivers/CMSIS/Include -O0 -ffunction-sections -fdata-sections -Wall -fstack-usage -fcyclomatic-complexity -MMD -MP -MF"Drivers/STM32L0xx_HAL_Driver/Src/stm32l0xx_hal_cortex.d" -MT"Drivers/STM32L0xx_HAL_Driver/Src/stm32l0xx_hal_cortex.o" --specs=nano.specs -mfloat-abi=soft -mthumb -o "Drivers/STM32L0xx_HAL_Driver/Src/stm32l0xx_hal_cortex.o"
arm-none-eabi-gcc "../Drivers/STM32L0xx_HAL_Driver/Src/stm32l0xx_hal_dma.c" -mcpu=cortex-m0plus -std=gnu11 -g3 -DDEBUG -DUSE_HAL_DRIVER -DSTM32L053xx -c -I../Core/Inc -I../Drivers/STM32L0xx_HAL_Driver/Inc -I../Drivers/STM32L0xx_HAL_Driver/Inc/Legacy -I../Drivers/CMSIS/Device/ST/STM32L0xx/Include -I../Drivers/CMSIS/Include -O0 -ffunction-sections -fdata-sections -Wall -fstack-usage -fcyclomatic-complexity -MMD -MP -MF"Drivers/STM32L0xx_HAL_Driver/Src/stm32l0xx_hal_dma.d" -MT"Drivers/STM32L0xx_HAL_Driver/Src/stm32l0xx_hal_dma.o" --specs=nano.specs -mfloat-abi=soft -mthumb -o "Drivers/STM32L0xx_HAL_Driver/Src/stm32l0xx_hal_dma.o"
arm-none-eabi-gcc "../Drivers/STM32L0xx_HAL_Driver/Src/stm32l0xx_hal_exti.c" -mcpu=cortex-m0plus -std=gnu11 -g3 -DDEBUG -DUSE_HAL_DRIVER -DSTM32L053xx -c -I../Core/Inc -I../Drivers/STM32L0xx_HAL_Driver/Inc -I../Drivers/STM32L0xx_HAL_Driver/Inc/Legacy -I../Drivers/CMSIS/Device/ST/STM32L0xx/Include -I../Drivers/CMSIS/Include -O0 -ffunction-sections -fdata-sections -Wall -fstack-usage -fcyclomatic-complexity -MMD -MP -MF"Drivers/STM32L0xx_HAL_Driver/Src/stm32l0xx_hal_exti.d" -MT"Drivers/STM32L0xx_HAL_Driver/Src/stm32l0xx_hal_exti.o" --specs=nano.specs -mfloat-abi=soft -mthumb -o "Drivers/STM32L0xx_HAL_Driver/Src/stm32l0xx_hal_exti.o"
arm-none-eabi-gcc "../Drivers/STM32L0xx_HAL_Driver/Src/stm32l0xx_hal_flash.c" -mcpu=cortex-m0plus -std=gnu11 -g3 -DDEBUG -DUSE_HAL_DRIVER -DSTM32L053xx -c -I../Core/Inc -I../Drivers/STM32L0xx_HAL_Driver/Inc -I../Drivers/STM32L0xx_HAL_Driver/Inc/Legacy -I../Drivers/CMSIS/Device/ST/STM32L0xx/Include -I../Drivers/CMSIS/Include -O0 -ffunction-sections -fdata-sections -Wall -fstack-usage -fcyclomatic-complexity -MMD -MP -MF"Drivers/STM32L0xx_HAL_Driver/Src/stm32l0xx_hal_flash.d" -MT"Drivers/STM32L0xx_HAL_Driver/Src/stm32l0xx_hal_flash.o" --specs=nano.specs -mfloat-abi=soft -mthumb -o "Drivers/STM32L0xx_HAL_Driver/Src/stm32l0xx_hal_flash.o"
arm-none-eabi-gcc "../Drivers/STM32L0xx_HAL_Driver/Src/stm32l0xx_hal_flash_ex.c" -mcpu=cortex-m0plus -std=gnu11 -g3 -DDEBUG -DUSE_HAL_DRIVER -DSTM32L053xx -c -I../Core/Inc -I../Drivers/STM32L0xx_HAL_Driver/Inc -I../Drivers/STM32L0xx_HAL_Driver/Inc/Legacy -I../Drivers/CMSIS/Device/ST/STM32L0xx/Include -I../Drivers/CMSIS/Include -O0 -ffunction-sections -fdata-sections -Wall -fstack-usage -fcyclomatic-complexity -MMD -MP -MF"Drivers/STM32L0xx_HAL_Driver/Src/stm32l0xx_hal_flash_ex.d" -MT"Drivers/STM32L0xx_HAL_Driver/Src/stm32l0xx_hal_flash_ex.o" --specs=nano.specs -mfloat-abi=soft -mthumb -o "Drivers/STM32L0xx_HAL_Driver/Src/stm32l0xx_hal_flash_ex.o"
arm-none-eabi-gcc "../Drivers/STM32L0xx_HAL_Driver/Src/stm32l0xx_hal_flash_ramfunc.c" -mcpu=cortex-m0plus -std=gnu11 -g3 -DDEBUG -DUSE_HAL_DRIVER -DSTM32L053xx -c -I../Core/Inc -I../Drivers/STM32L0xx_HAL_Driver/Inc -I../Drivers/STM32L0xx_HAL_Driver/Inc/Legacy -I../Drivers/CMSIS/Device/ST/STM32L0xx/Include -I../Drivers/CMSIS/Include -O0 -ffunction-sections -fdata-sections -Wall -fstack-usage -fcyclomatic-complexity -MMD -MP -MF"Drivers/STM32L0xx_HAL_Driver/Src/stm32l0xx_hal_flash_ramfunc.d" -MT"Drivers/STM32L0xx_HAL_Driver/Src/stm32l0xx_hal_flash_ramfunc.o" --specs=nano.specs -mfloat-abi=soft -mthumb -o "Drivers/STM32L0xx_HAL_Driver/Src/stm32l0xx_hal_flash_ramfunc.o"
arm-none-eabi-gcc "../Drivers/STM32L0xx_HAL_Driver/Src/stm32l0xx_hal_gpio.c" -mcpu=cortex-m0plus -std=gnu11 -g3 -DDEBUG -DUSE_HAL_DRIVER -DSTM32L053xx -c -I../Core/Inc -I../Drivers/STM32L0xx_HAL_Driver/Inc -I../Drivers/STM32L0xx_HAL_Driver/Inc/Legacy -I../Drivers/CMSIS/Device/ST/STM32L0xx/Include -I../Drivers/CMSIS/Include -O0 -ffunction-sections -fdata-sections -Wall -fstack-usage -fcyclomatic-complexity -MMD -MP -MF"Drivers/STM32L0xx_HAL_Driver/Src/stm32l0xx_hal_gpio.d" -MT"Drivers/STM32L0xx_HAL_Driver/Src/stm32l0xx_hal_gpio.o" --specs=nano.specs -mfloat-abi=soft -mthumb -o "Drivers/STM32L0xx_HAL_Driver/Src/stm32l0xx_hal_gpio.o"
arm-none-eabi-gcc "../Drivers/STM32L0xx_HAL_Driver/Src/stm32l0xx_hal_i2c.c" -mcpu=cortex-m0plus -std=gnu11 -g3 -DDEBUG -DUSE_HAL_DRIVER -DSTM32L053xx -c -I../Core/Inc -I../Drivers/STM32L0xx_HAL_Driver/Inc -I../Drivers/STM32L0xx_HAL_Driver/Inc/Legacy -I../Drivers/CMSIS/Device/ST/STM32L0xx/Include -I../Drivers/CMSIS/Include -O0 -ffunction-sections -fdata-sections -Wall -fstack-usage -fcyclomatic-complexity -MMD -MP -MF"Drivers/STM32L0xx_HAL_Driver/Src/stm32l0xx_hal_i2c.d" -MT"Drivers/STM32L0xx_HAL_Driver/Src/stm32l0xx_hal_i2c.o" --specs=nano.specs -mfloat-abi=soft -mthumb -o "Drivers/STM32L0xx_HAL_Driver/Src/stm32l0xx_hal_i2c.o"
arm-none-eabi-gcc "../Drivers/STM32L0xx_HAL_Driver/Src/stm32l0xx_hal_i2c_ex.c" -mcpu=cortex-m0plus -std=gnu11 -g3 -DDEBUG -DUSE_HAL_DRIVER -DSTM32L053xx -c -I../Core/Inc -I../Drivers/STM32L0xx_HAL_Driver/Inc -I../Drivers/STM32L0xx_HAL_Driver/Inc/Legacy -I../Drivers/CMSIS/Device/ST/STM32L0xx/Include -I../Drivers/CMSIS/Include -O0 -ffunction-sections -fdata-sections -Wall -fstack-usage -fcyclomatic-complexity -MMD -MP -MF"Drivers/STM32L0xx_HAL_Driver/Src/stm32l0xx_hal_i2c_ex.d" -MT"Drivers/STM32L0xx_HAL_Driver/Src/stm32l0xx_hal_i2c_ex.o" --specs=nano.specs -mfloat-abi=soft -mthumb -o "Drivers/STM32L0xx_HAL_Driver/Src/stm32l0xx_hal_i2c_ex.o"
arm-none-eabi-gcc "../Drivers/STM32L0xx_HAL_Driver/Src/stm32l0xx_hal_pwr.c" -mcpu=cortex-m0plus -std=gnu11 -g3 -DDEBUG -DUSE_HAL_DRIVER -DSTM32L053xx -c -I../Core/Inc -I../Drivers/STM32L0xx_HAL_Driver/Inc -I../Drivers/STM32L0xx_HAL_Driver/Inc/Legacy -I../Drivers/CMSIS/Device/ST/STM32L0xx/Include -I../Drivers/CMSIS/Include -O0 -ffunction-sections -fdata-sections -Wall -fstack-usage -fcyclomatic-complexity -MMD -MP -MF"Drivers/STM32L0xx_HAL_Driver/Src/stm32l0xx_hal_pwr.d" -MT"Drivers/STM32L0xx_HAL_Driver/Src/stm32l0xx_hal_pwr.o" --specs=nano.specs -mfloat-abi=soft -mthumb -o "Drivers/STM32L0xx_HAL_Driver/Src/stm32l0xx_hal_pwr.o"
arm-none-eabi-gcc "../Drivers/STM32L0xx_HAL_Driver/Src/stm32l0xx_hal_pwr_ex.c" -mcpu=cortex-m0plus -std=gnu11 -g3 -DDEBUG -DUSE_HAL_DRIVER -DSTM32L053xx -c -I../Core/Inc -I../Drivers/STM32L0xx_HAL_Driver/Inc -I../Drivers/STM32L0xx_HAL_Driver/Inc/Legacy -I../Drivers/CMSIS/Device/ST/STM32L0xx/Include -I../Drivers/CMSIS/Include -O0 -ffunction-sections -fdata-sections -Wall -fstack-usage -fcyclomatic-complexity -MMD -MP -MF"Drivers/STM32L0xx_HAL_Driver/Src/stm32l0xx_hal_pwr_ex.d" -MT"Drivers/STM32L0xx_HAL_Driver/Src/stm32l0xx_hal_pwr_ex.o" --specs=nano.specs -mfloat-abi=soft -mthumb -o "Drivers/STM32L0xx_HAL_Driver/Src/stm32l0xx_hal_pwr_ex.o"
arm-none-eabi-gcc "../Drivers/STM32L0xx_HAL_Driver/Src/stm32l0xx_hal_rcc.c" -mcpu=cortex-m0plus -std=gnu11 -g3 -DDEBUG -DUSE_HAL_DRIVER -DSTM32L053xx -c -I../Core/Inc -I../Drivers/STM32L0xx_HAL_Driver/Inc -I../Drivers/STM32L0xx_HAL_Driver/Inc/Legacy -I../Drivers/CMSIS/Device/ST/STM32L0xx/Include -I../Drivers/CMSIS/Include -O0 -ffunction-sections -fdata-sections -Wall -fstack-usage -fcyclomatic-complexity -MMD -MP -MF"Drivers/STM32L0xx_HAL_Driver/Src/stm32l0xx_hal_rcc.d" -MT"Drivers/STM32L0xx_HAL_Driver/Src/stm32l0xx_hal_rcc.o" --specs=nano.specs -mfloat-abi=soft -mthumb -o "Drivers/STM32L0xx_HAL_Driver/Src/stm32l0xx_hal_rcc.o"
arm-none-eabi-gcc "../Drivers/STM32L0xx_HAL_Driver/Src/stm32l0xx_hal_rcc_ex.c" -mcpu=cortex-m0plus -std=gnu11 -g3 -DDEBUG -DUSE_HAL_DRIVER -DSTM32L053xx -c -I../Core/Inc -I../Drivers/STM32L0xx_HAL_Driver/Inc -I../Drivers/STM32L0xx_HAL_Driver/Inc/Legacy -I../Drivers/CMSIS/Device/ST/STM32L0xx/Include -I../Drivers/CMSIS/Include -O0 -ffunction-sections -fdata-sections -Wall -fstack-usage -fcyclomatic-complexity -MMD -MP -MF"Drivers/STM32L0xx_HAL_Driver/Src/stm32l0xx_hal_rcc_ex.d" -MT"Drivers/STM32L0xx_HAL_Driver/Src/stm32l0xx_hal_rcc_ex.o" --specs=nano.specs -mfloat-abi=soft -mthumb -o "Drivers/STM32L0xx_HAL_Driver/Src/stm32l0xx_hal_rcc_ex.o"
arm-none-eabi-gcc "../Drivers/STM32L0xx_HAL_Driver/Src/stm32l0xx_hal_rtc.c" -mcpu=cortex-m0plus -std=gnu11 -g3 -DDEBUG -DUSE_HAL_DRIVER -DSTM32L053xx -c -I../Core/Inc -I../Drivers/STM32L0xx_HAL_Driver/Inc -I../Drivers/STM32L0xx_HAL_Driver/Inc/Legacy -I../Drivers/CMSIS/Device/ST/STM32L0xx/Include -I../Drivers/CMSIS/Include -O0 -ffunction-sections -fdata-sections -Wall -fstack-usage -fcyclomatic-complexity -MMD -MP -MF"Drivers/STM32L0xx_HAL_Driver/Src/stm32l0xx_hal_rtc.d" -MT"Drivers/STM32L0xx_HAL_Driver/Src/stm32l0xx_hal_rtc.o" --specs=nano.specs -mfloat-abi=soft -mthumb -o "Drivers/STM32L0xx_HAL_Driver/Src/stm32l0xx_hal_rtc.o"
arm-none-eabi-gcc "../Drivers/STM32L0xx_HAL_Driver/Src/stm32l0xx_hal_rtc_ex.c" -mcpu=cortex-m0plus -std=gnu11 -g3 -DDEBUG -DUSE_HAL_DRIVER -DSTM32L053xx -c -I../Core/Inc -I../Drivers/STM32L0xx_HAL_Driver/Inc -I../Drivers/STM32L0xx_HAL_Driver/Inc/Legacy -I../Drivers/CMSIS/Device/ST/STM32L0xx/Include -I../Drivers/CMSIS/Include -O0 -ffunction-sections -fdata-sections -Wall -fstack-usage -fcyclomatic-complexity -MMD -MP -MF"Drivers/STM32L0xx_HAL_Driver/Src/stm32l0xx_hal_rtc_ex.d" -MT"Drivers/STM32L0xx_HAL_Driver/Src/stm32l0xx_hal_rtc_ex.o" --specs=nano.specs -mfloat-abi=soft -mthumb -o "Drivers/STM32L0xx_HAL_Driver/Src/stm32l0xx_hal_rtc_ex.o"
arm-none-eabi-gcc "../Core/Src/main.c" -mcpu=cortex-m0plus -std=gnu11 -g3 -DDEBUG -DUSE_HAL_DRIVER -DSTM32L053xx -c -I../Core/Inc -I../Drivers/STM32L0xx_HAL_Driver/Inc -I../Drivers/STM32L0xx_HAL_Driver/Inc/Legacy -I../Drivers/CMSIS/Device/ST/STM32L0xx/Include -I../Drivers/CMSIS/Include -O0 -ffunction-sections -fdata-sections -Wall -fstack-usage -fcyclomatic-complexity -MMD -MP -MF"Core/Src/main.d" -MT"Core/Src/main.o" --specs=nano.specs -mfloat-abi=soft -mthumb -o "Core/Src/main.o"
arm-none-eabi-gcc "../Core/Src/ssd1306.c" -mcpu=cortex-m0plus -std=gnu11 -g3 -DDEBUG -DUSE_HAL_DRIVER -DSTM32L053xx -c -I../Core/Inc -I../Drivers/STM32L0xx_HAL_Driver/Inc -I../Drivers/STM32L0xx_HAL_Driver/Inc/Legacy -I../Drivers/CMSIS/Device/ST/STM32L0xx/Include -I../Drivers/CMSIS/Include -O0 -ffunction-sections -fdata-sections -Wall -fstack-usage -fcyclomatic-complexity -MMD -MP -MF"Core/Src/ssd1306.d" -MT"Core/Src/ssd1306.o" --specs=nano.specs -mfloat-abi=soft -mthumb -o "Core/Src/ssd1306.o"
arm-none-eabi-gcc "../Core/Src/ssd1306_fonts.c" -mcpu=cortex-m0plus -std=gnu11 -g3 -DDEBUG -DUSE_HAL_DRIVER -DSTM32L053xx -c -I../Core/Inc -I../Drivers/STM32L0xx_HAL_Driver/Inc -I../Drivers/STM32L0xx_HAL_Driver/Inc/Legacy -I../Drivers/CMSIS/Device/ST/STM32L0xx/Include -I../Drivers/CMSIS/Include -O0 -ffunction-sections -fdata-sections -Wall -fstack-usage -fcyclomatic-complexity -MMD -MP -MF"Core/Src/ssd1306_fonts.d" -MT"Core/Src/ssd1306_fonts.o" --specs=nano.specs -mfloat-abi=soft -mthumb -o "Core/Src/ssd1306_fonts.o"
arm-none-eabi-gcc "../Core/Src/ssd1306_tests.c" -mcpu=cortex-m0plus -std=gnu11 -g3 -DDEBUG -DUSE_HAL_DRIVER -DSTM32L053xx -c -I../Core/Inc -I../Drivers/STM32L0xx_HAL_Driver/Inc -I../Drivers/STM32L0xx_HAL_Driver/Inc/Legacy -I../Drivers/CMSIS/Device/ST/STM32L0xx/Include -I../Drivers/CMSIS/Include -O0 -ffunction-sections -fdata-sections -Wall -fstack-usage -fcyclomatic-complexity -MMD -MP -MF"Core/Src/ssd1306_tests.d" -MT"Core/Src/ssd1306_tests.o" --specs=nano.specs -mfloat-abi=soft -mthumb -o "Core/Src/ssd1306_tests.o"
arm-none-eabi-gcc "../Core/Src/stm32l0xx_hal_msp.c" -mcpu=cortex-m0plus -std=gnu11 -g3 -DDEBUG -DUSE_HAL_DRIVER -DSTM32L053xx -c -I../Core/Inc -I../Drivers/STM32L0xx_HAL_Driver/Inc -I../Drivers/STM32L0xx_HAL_Driver/Inc/Legacy -I../Drivers/CMSIS/Device/ST/STM32L0xx/Include -I../Drivers/CMSIS/Include -O0 -ffunction-sections -fdata-sections -Wall -fstack-usage -fcyclomatic-complexity -MMD -MP -MF"Core/Src/stm32l0xx_hal_msp.d" -MT"Core/Src/stm32l0xx_hal_msp.o" --specs=nano.specs -mfloat-abi=soft -mthumb -o "Core/Src/stm32l0xx_hal_msp.o"
arm-none-eabi-gcc "../Core/Src/stm32l0xx_it.c" -mcpu=cortex-m0plus -std=gnu11 -g3 -DDEBUG -DUSE_HAL_DRIVER -DSTM32L053xx -c -I../Core/Inc -I../Drivers/STM32L0xx_HAL_Driver/Inc -I../Drivers/STM32L0xx_HAL_Driver/Inc/Legacy -I../Drivers/CMSIS/Device/ST/STM32L0xx/Include -I../Drivers/CMSIS/Include -O0 -ffunction-sections -fdata-sections -Wall -fstack-usage -fcyclomatic-complexity -MMD -MP -MF"Core/Src/stm32l0xx_it.d" -MT"Core/Src/stm32l0xx_it.o" --specs=nano.specs -mfloat-abi=soft -mthumb -o "Core/Src/stm32l0xx_it.o"
arm-none-eabi-gcc "../Core/Src/system_stm32l0xx.c" -mcpu=cortex-m0plus -std=gnu11 -g3 -DDEBUG -DUSE_HAL_DRIVER -DSTM32L053xx -c -I../Core/Inc -I../Drivers/STM32L0xx_HAL_Driver/Inc -I../Drivers/STM32L0xx_HAL_Driver/Inc/Legacy -I../Drivers/CMSIS/Device/ST/STM32L0xx/Include -I../Drivers/CMSIS/Include -O0 -ffunction-sections -fdata-sections -Wall -fstack-usage -fcyclomatic-complexity -MMD -MP -MF"Core/Src/system_stm32l0xx.d" -MT"Core/Src/system_stm32l0xx.o" --specs=nano.specs -mfloat-abi=soft -mthumb -o "Core/Src/system_stm32l0xx.o"
In file included from ../Drivers/STM32L0xx_HAL_Driver/Inc/stm32l0xx_hal_def.h:30,
                 from ../Drivers/STM32L0xx_HAL_Driver/Inc/stm32l0xx_hal_rcc.h:27,
                 from ../Core/Inc/stm32l0xx_hal_conf.h:188,
                 from ../Drivers/STM32L0xx_HAL_Driver/Inc/stm32l0xx_hal.h:29,
                 from ../Core/Inc/ssd1306.h:19,
                 from ../Core/Src/ssd1306.c:1:
../Drivers/STM32L0xx_HAL_Driver/Inc/Legacy/stm32_hal_legacy.h:812: warning: "GPIO_SPEED_HIGH" redefined
  812 | #define  GPIO_SPEED_HIGH   GPIO_SPEED_FREQ_HIGH
      | 
../Drivers/STM32L0xx_HAL_Driver/Inc/Legacy/stm32_hal_legacy.h:799: note: this is the location of the previous definition
  799 | #define  GPIO_SPEED_HIGH                          GPIO_SPEED_FREQ_VERY_HIGH
      | 
In file included from ../Drivers/STM32L0xx_HAL_Driver/Inc/stm32l0xx_hal_def.h:30,
                 from ../Drivers/STM32L0xx_HAL_Driver/Inc/stm32l0xx_hal_rcc.h:27,
                 from ../Core/Inc/stm32l0xx_hal_conf.h:188,
                 from ../Drivers/STM32L0xx_HAL_Driver/Inc/stm32l0xx_hal.h:29,
                 from ../Core/Inc/ssd1306.h:19,
                 from ../Core/Inc/ssd1306_fonts.h:4,
                 from ../Core/Src/ssd1306_fonts.c:2:
../Drivers/STM32L0xx_HAL_Driver/Inc/Legacy/stm32_hal_legacy.h:812: warning: "GPIO_SPEED_HIGH" redefined
  812 | #define  GPIO_SPEED_HIGH   GPIO_SPEED_FREQ_HIGH
      | 
../Drivers/STM32L0xx_HAL_Driver/Inc/Legacy/stm32_hal_legacy.h:799: note: this is the location of the previous definition
  799 | #define  GPIO_SPEED_HIGH                          GPIO_SPEED_FREQ_VERY_HIGH
      | 
In file included from ../Drivers/STM32L0xx_HAL_Driver/Inc/stm32l0xx_hal_def.h:30,
                 from ../Drivers/STM32L0xx_HAL_Driver/Inc/stm32l0xx_hal_rcc.h:27,
                 from ../Core/Inc/stm32l0xx_hal_conf.h:188,
                 from ../Drivers/STM32L0xx_HAL_Driver/Inc/stm32l0xx_hal.h:29,
                 from ../Core/Inc/ssd1306.h:19,
                 from ../Core/Src/ssd1306_tests.c:3:
../Drivers/STM32L0xx_HAL_Driver/Inc/Legacy/stm32_hal_legacy.h:812: warning: "GPIO_SPEED_HIGH" redefined
  812 | #define  GPIO_SPEED_HIGH   GPIO_SPEED_FREQ_HIGH
      | 
../Drivers/STM32L0xx_HAL_Driver/Inc/Legacy/stm32_hal_legacy.h:799: note: this is the location of the previous definition
  799 | #define  GPIO_SPEED_HIGH                          GPIO_SPEED_FREQ_VERY_HIGH
      | 
arm-none-eabi-gcc -o "Projeto Ampulheta.elf" @"objects.list"   -mcpu=cortex-m0plus -T"C:\Users\Smart4.0\STM32CubeIDE\workspace_1.19.0\Projeto Ampulheta\STM32L053R8TX_FLASH.ld" --specs=nosys.specs -Wl,-Map="Projeto Ampulheta.map" -Wl,--gc-sections -static --specs=nano.specs -mfloat-abi=soft -mthumb -Wl,--start-group -lc -lm -Wl,--end-group
Finished building target: Projeto Ampulheta.elf
 
arm-none-eabi-size  Projeto\ Ampulheta.elf 
arm-none-eabi-objdump -h -S Projeto\ Ampulheta.elf  > "Projeto Ampulheta.list"
   text	   data	    bss	    dec	    hex	filename
  13440	     12	   2740	  16192	   3f40	Projeto Ampulheta.elf
Finished building: default.size.stdout
 
Finished building: Projeto Ampulheta.list
 
21:53:11 **** Incremental Build of configuration Debug for project Projeto Ampulheta ****
make -j12 all 
arm-none-eabi-gcc "../Core/Src/main.c" -mcpu=cortex-m0plus -std=gnu11 -g3 -DDEBUG -DUSE_HAL_DRIVER -DSTM32L053xx -c -I../Core/Inc -I../Drivers/STM32L0xx_HAL_Driver/Inc -I../Drivers/STM32L0xx_HAL_Driver/Inc/Legacy -I../Drivers/CMSIS/Device/ST/STM32L0xx/Include -I../Drivers/CMSIS/Include -O0 -ffunction-sections -fdata-sections -Wall -fstack-usage -fcyclomatic-complexity -MMD -MP -MF"Core/Src/main.d" -MT"Core/Src/main.o" --specs=nano.specs -mfloat-abi=soft -mthumb -o "Core/Src/main.o"
arm-none-eabi-gcc -o "Projeto Ampulheta.elf" @"objects.list"   -mcpu=cortex-m0plus -T"C:\Users\Smart4.0\STM32CubeIDE\workspace_1.19.0\Projeto Ampulheta\STM32L053R8TX_FLASH.ld" --specs=nosys.specs -Wl,-Map="Projeto Ampulheta.map" -Wl,--gc-sections -static --specs=nano.specs -mfloat-abi=soft -mthumb -Wl,--start-group -lc -lm -Wl,--end-group
Finished building target: Projeto Ampulheta.elf
 
arm-none-eabi-size  Projeto\ Ampulheta.elf 
arm-none-eabi-objdump -h -S Projeto\ Ampulheta.elf  > "Projeto Ampulheta.list"
   text	   data	    bss	    dec	    hex	filename
  13444	     12	   2740	  16196	   3f44	Projeto Ampulheta.elf
Finished building: default.size.stdout
 
Finished building: Projeto Ampulheta.list
 
21:54:16 **** Incremental Build of configuration Debug for project Projeto Ampulheta ****
make -j12 all 
arm-none-eabi-gcc "../Core/Src/main.c" -mcpu=cortex-m0plus -std=gnu11 -g3 -DDEBUG -DUSE_HAL_DRIVER -DSTM32L053xx -c -I../Core/Inc -I../Drivers/STM32L0xx_HAL_Driver/Inc -I../Drivers/STM32L0xx_HAL_Driver/Inc/Legacy -I../Drivers/CMSIS/Device/ST/STM32L0xx/Include -I../Drivers/CMSIS/Include -O0 -ffunction-sections -fdata-sections -Wall -fstack-usage -fcyclomatic-complexity -MMD -MP -MF"Core/Src/main.d" -MT"Core/Src/main.o" --specs=nano.specs -mfloat-abi=soft -mthumb -o "Core/Src/main.o"
arm-none-eabi-gcc -o "Projeto Ampulheta.elf" @"objects.list"   -mcpu=cortex-m0plus -T"C:\Users\Smart4.0\STM32CubeIDE\workspace_1.19.0\Projeto Ampulheta\STM32L053R8TX_FLASH.ld" --specs=nosys.specs -Wl,-Map="Projeto Ampulheta.map" -Wl,--gc-sections -static --specs=nano.specs -mfloat-abi=soft -mthumb -Wl,--start-group -lc -lm -Wl,--end-group
Finished building target: Projeto Ampulheta.elf
 
arm-none-eabi-size  Projeto\ Ampulheta.elf 
arm-none-eabi-objdump -h -S Projeto\ Ampulheta.elf  > "Projeto Ampulheta.list"
   text	   data	    bss	    dec	    hex	filename
  13448	     12	   2740	  16200	   3f48	Projeto Ampulheta.elf
Finished building: default.size.stdout
 
Finished building: Projeto Ampulheta.list
 
21:55:10 **** Incremental Build of configuration Debug for project Projeto Ampulheta ****
make -j12 all 
arm-none-eabi-gcc "../Core/Src/main.c" -mcpu=cortex-m0plus -std=gnu11 -g3 -DDEBUG -DUSE_HAL_DRIVER -DSTM32L053xx -c -I../Core/Inc -I../Drivers/STM32L0xx_HAL_Driver/Inc -I../Drivers/STM32L0xx_HAL_Driver/Inc/Legacy -I../Drivers/CMSIS/Device/ST/STM32L0xx/Include -I../Drivers/CMSIS/Include -O0 -ffunction-sections -fdata-sections -Wall -fstack-usage -fcyclomatic-complexity -MMD -MP -MF"Core/Src/main.d" -MT"Core/Src/main.o" --specs=nano.specs -mfloat-abi=soft -mthumb -o "Core/Src/main.o"
arm-none-eabi-gcc -o "Projeto Ampulheta.elf" @"objects.list"   -mcpu=cortex-m0plus -T"C:\Users\Smart4.0\STM32CubeIDE\workspace_1.19.0\Projeto Ampulheta\STM32L053R8TX_FLASH.ld" --specs=nosys.specs -Wl,-Map="Projeto Ampulheta.map" -Wl,--gc-sections -static --specs=nano.specs -mfloat-abi=soft -mthumb -Wl,--start-group -lc -lm -Wl,--end-group
Finished building target: Projeto Ampulheta.elf
 
arm-none-eabi-size  Projeto\ Ampulheta.elf 
arm-none-eabi-objdump -h -S Projeto\ Ampulheta.elf  > "Projeto Ampulheta.list"
   text	   data	    bss	    dec	    hex	filename
  13864	     12	   2740	  16616	   40e8	Projeto Ampulheta.elf
Finished building: default.size.stdout
 
Finished building: Projeto Ampulheta.list
 
21:55:45 **** Incremental Build of configuration Debug for project Projeto Ampulheta ****
make -j12 all 
arm-none-eabi-gcc "../Core/Src/main.c" -mcpu=cortex-m0plus -std=gnu11 -g3 -DDEBUG -DUSE_HAL_DRIVER -DSTM32L053xx -c -I../Core/Inc -I../Drivers/STM32L0xx_HAL_Driver/Inc -I../Drivers/STM32L0xx_HAL_Driver/Inc/Legacy -I../Drivers/CMSIS/Device/ST/STM32L0xx/Include -I../Drivers/CMSIS/Include -O0 -ffunction-sections -fdata-sections -Wall -fstack-usage -fcyclomatic-complexity -MMD -MP -MF"Core/Src/main.d" -MT"Core/Src/main.o" --specs=nano.specs -mfloat-abi=soft -mthumb -o "Core/Src/main.o"
arm-none-eabi-gcc -o "Projeto Ampulheta.elf" @"objects.list"   -mcpu=cortex-m0plus -T"C:\Users\Smart4.0\STM32CubeIDE\workspace_1.19.0\Projeto Ampulheta\STM32L053R8TX_FLASH.ld" --specs=nosys.specs -Wl,-Map="Projeto Ampulheta.map" -Wl,--gc-sections -static --specs=nano.specs -mfloat-abi=soft -mthumb -Wl,--start-group -lc -lm -Wl,--end-group
Finished building target: Projeto Ampulheta.elf
 
arm-none-eabi-size  Projeto\ Ampulheta.elf 
arm-none-eabi-objdump -h -S Projeto\ Ampulheta.elf  > "Projeto Ampulheta.list"
   text	   data	    bss	    dec	    hex	filename
  13864	     12	   2740	  16616	   40e8	Projeto Ampulheta.elf
Finished building: default.size.stdout
 
Finished building: Projeto Ampulheta.list
 
21:56:43 **** Incremental Build of configuration Debug for project Projeto Ampulheta ****
make -j12 all 
arm-none-eabi-gcc "../Core/Src/main.c" -mcpu=cortex-m0plus -std=gnu11 -g3 -DDEBUG -DUSE_HAL_DRIVER -DSTM32L053xx -c -I../Core/Inc -I../Drivers/STM32L0xx_HAL_Driver/Inc -I../Drivers/STM32L0xx_HAL_Driver/Inc/Legacy -I../Drivers/CMSIS/Device/ST/STM32L0xx/Include -I../Drivers/CMSIS/Include -O0 -ffunction-sections -fdata-sections -Wall -fstack-usage -fcyclomatic-complexity -MMD -MP -MF"Core/Src/main.d" -MT"Core/Src/main.o" --specs=nano.specs -mfloat-abi=soft -mthumb -o "Core/Src/main.o"
arm-none-eabi-gcc -o "Projeto Ampulheta.elf" @"objects.list"   -mcpu=cortex-m0plus -T"C:\Users\Smart4.0\STM32CubeIDE\workspace_1.19.0\Projeto Ampulheta\STM32L053R8TX_FLASH.ld" --specs=nosys.specs -Wl,-Map="Projeto Ampulheta.map" -Wl,--gc-sections -static --specs=nano.specs -mfloat-abi=soft -mthumb -Wl,--start-group -lc -lm -Wl,--end-group
Finished building target: Projeto Ampulheta.elf
 
arm-none-eabi-size  Projeto\ Ampulheta.elf 
arm-none-eabi-objdump -h -S Projeto\ Ampulheta.elf  > "Projeto Ampulheta.list"
   text	   data	    bss	    dec	    hex	filename
  13888	     12	   2740	  16640	   4100	Projeto Ampulheta.elf
Finished building: default.size.stdout
 
Finished building: Projeto Ampulheta.list
 
21:58:05 **** Incremental Build of configuration Debug for project Projeto Ampulheta ****
make -j12 all 
arm-none-eabi-gcc "../Core/Src/main.c" -mcpu=cortex-m0plus -std=gnu11 -g3 -DDEBUG -DUSE_HAL_DRIVER -DSTM32L053xx -c -I../Core/Inc -I../Drivers/STM32L0xx_HAL_Driver/Inc -I../Drivers/STM32L0xx_HAL_Driver/Inc/Legacy -I../Drivers/CMSIS/Device/ST/STM32L0xx/Include -I../Drivers/CMSIS/Include -O0 -ffunction-sections -fdata-sections -Wall -fstack-usage -fcyclomatic-complexity -MMD -MP -MF"Core/Src/main.d" -MT"Core/Src/main.o" --specs=nano.specs -mfloat-abi=soft -mthumb -o "Core/Src/main.o"
arm-none-eabi-gcc -o "Projeto Ampulheta.elf" @"objects.list"   -mcpu=cortex-m0plus -T"C:\Users\Smart4.0\STM32CubeIDE\workspace_1.19.0\Projeto Ampulheta\STM32L053R8TX_FLASH.ld" --specs=nosys.specs -Wl,-Map="Projeto Ampulheta.map" -Wl,--gc-sections -static --specs=nano.specs -mfloat-abi=soft -mthumb -Wl,--start-group -lc -lm -Wl,--end-group
Finished building target: Projeto Ampulheta.elf
 
arm-none-eabi-size  Projeto\ Ampulheta.elf 
arm-none-eabi-objdump -h -S Projeto\ Ampulheta.elf  > "Projeto Ampulheta.list"
   text	   data	    bss	    dec	    hex	filename
  14036	     12	   2740	  16788	   4194	Projeto Ampulheta.elf
Finished building: default.size.stdout
 
Finished building: Projeto Ampulheta.list
 
21:58:37 **** Incremental Build of configuration Debug for project Projeto Ampulheta ****
make -j12 all 
arm-none-eabi-gcc "../Core/Src/main.c" -mcpu=cortex-m0plus -std=gnu11 -g3 -DDEBUG -DUSE_HAL_DRIVER -DSTM32L053xx -c -I../Core/Inc -I../Drivers/STM32L0xx_HAL_Driver/Inc -I../Drivers/STM32L0xx_HAL_Driver/Inc/Legacy -I../Drivers/CMSIS/Device/ST/STM32L0xx/Include -I../Drivers/CMSIS/Include -O0 -ffunction-sections -fdata-sections -Wall -fstack-usage -fcyclomatic-complexity -MMD -MP -MF"Core/Src/main.d" -MT"Core/Src/main.o" --specs=nano.specs -mfloat-abi=soft -mthumb -o "Core/Src/main.o"
arm-none-eabi-gcc -o "Projeto Ampulheta.elf" @"objects.list"   -mcpu=cortex-m0plus -T"C:\Users\Smart4.0\STM32CubeIDE\workspace_1.19.0\Projeto Ampulheta\STM32L053R8TX_FLASH.ld" --specs=nosys.specs -Wl,-Map="Projeto Ampulheta.map" -Wl,--gc-sections -static --specs=nano.specs -mfloat-abi=soft -mthumb -Wl,--start-group -lc -lm -Wl,--end-group
Finished building target: Projeto Ampulheta.elf
 
arm-none-eabi-size  Projeto\ Ampulheta.elf 
arm-none-eabi-objdump -h -S Projeto\ Ampulheta.elf  > "Projeto Ampulheta.list"
   text	   data	    bss	    dec	    hex	filename
  14292	     12	   2740	  17044	   4294	Projeto Ampulheta.elf
Finished building: default.size.stdout
 
Finished building: Projeto Ampulheta.list
 
22:00:02 **** Incremental Build of configuration Debug for project Projeto Ampulheta ****
make -j12 all 
arm-none-eabi-gcc "../Core/Src/main.c" -mcpu=cortex-m0plus -std=gnu11 -g3 -DDEBUG -DUSE_HAL_DRIVER -DSTM32L053xx -c -I../Core/Inc -I../Drivers/STM32L0xx_HAL_Driver/Inc -I../Drivers/STM32L0xx_HAL_Driver/Inc/Legacy -I../Drivers/CMSIS/Device/ST/STM32L0xx/Include -I../Drivers/CMSIS/Include -O0 -ffunction-sections -fdata-sections -Wall -fstack-usage -fcyclomatic-complexity -MMD -MP -MF"Core/Src/main.d" -MT"Core/Src/main.o" --specs=nano.specs -mfloat-abi=soft -mthumb -o "Core/Src/main.o"
arm-none-eabi-gcc -o "Projeto Ampulheta.elf" @"objects.list"   -mcpu=cortex-m0plus -T"C:\Users\Smart4.0\STM32CubeIDE\workspace_1.19.0\Projeto Ampulheta\STM32L053R8TX_FLASH.ld" --specs=nosys.specs -Wl,-Map="Projeto Ampulheta.map" -Wl,--gc-sections -static --specs=nano.specs -mfloat-abi=soft -mthumb -Wl,--start-group -lc -lm -Wl,--end-group
Finished building target: Projeto Ampulheta.elf
 
arm-none-eabi-size  Projeto\ Ampulheta.elf 
arm-none-eabi-objdump -h -S Projeto\ Ampulheta.elf  > "Projeto Ampulheta.list"
   text	   data	    bss	    dec	    hex	filename
  14300	     12	   2740	  17052	   429c	Projeto Ampulheta.elf
Finished building: default.size.stdout
 
Finished building: Projeto Ampulheta.list
 
22:01:10 **** Incremental Build of configuration Debug for project Projeto Ampulheta ****
make -j12 all 
arm-none-eabi-gcc "../Core/Src/main.c" -mcpu=cortex-m0plus -std=gnu11 -g3 -DDEBUG -DUSE_HAL_DRIVER -DSTM32L053xx -c -I../Core/Inc -I../Drivers/STM32L0xx_HAL_Driver/Inc -I../Drivers/STM32L0xx_HAL_Driver/Inc/Legacy -I../Drivers/CMSIS/Device/ST/STM32L0xx/Include -I../Drivers/CMSIS/Include -O0 -ffunction-sections -fdata-sections -Wall -fstack-usage -fcyclomatic-complexity -MMD -MP -MF"Core/Src/main.d" -MT"Core/Src/main.o" --specs=nano.specs -mfloat-abi=soft -mthumb -o "Core/Src/main.o"
../Core/Src/main.c: In function 'main':
../Core/Src/main.c:116:3: error: 'times' undeclared (first use in this function)
  116 |   times.Hours = 12;     // Exemplo de hora
      |   ^~~~~
../Core/Src/main.c:116:3: note: each undeclared identifier is reported only once for each function it appears in
make: *** [Core/Src/subdir.mk:43: Core/Src/main.o] Error 1
"make -j12 all" terminated with exit code 2. Build might be incomplete.
22:01:24 **** Incremental Build of configuration Debug for project Projeto Ampulheta ****
make -j12 all 
arm-none-eabi-gcc "../Core/Src/main.c" -mcpu=cortex-m0plus -std=gnu11 -g3 -DDEBUG -DUSE_HAL_DRIVER -DSTM32L053xx -c -I../Core/Inc -I../Drivers/STM32L0xx_HAL_Driver/Inc -I../Drivers/STM32L0xx_HAL_Driver/Inc/Legacy -I../Drivers/CMSIS/Device/ST/STM32L0xx/Include -I../Drivers/CMSIS/Include -O0 -ffunction-sections -fdata-sections -Wall -fstack-usage -fcyclomatic-complexity -MMD -MP -MF"Core/Src/main.d" -MT"Core/Src/main.o" --specs=nano.specs -mfloat-abi=soft -mthumb -o "Core/Src/main.o"
arm-none-eabi-gcc -o "Projeto Ampulheta.elf" @"objects.list"   -mcpu=cortex-m0plus -T"C:\Users\Smart4.0\STM32CubeIDE\workspace_1.19.0\Projeto Ampulheta\STM32L053R8TX_FLASH.ld" --specs=nosys.specs -Wl,-Map="Projeto Ampulheta.map" -Wl,--gc-sections -static --specs=nano.specs -mfloat-abi=soft -mthumb -Wl,--start-group -lc -lm -Wl,--end-group
Finished building target: Projeto Ampulheta.elf
 
arm-none-eabi-size  Projeto\ Ampulheta.elf 
arm-none-eabi-objdump -h -S Projeto\ Ampulheta.elf  > "Projeto Ampulheta.list"
   text	   data	    bss	    dec	    hex	filename
  14296	     12	   2740	  17048	   4298	Projeto Ampulheta.elf
Finished building: default.size.stdout
 
Finished building: Projeto Ampulheta.list
 
22:03:29 **** Incremental Build of configuration Debug for project Projeto Ampulheta ****
make -j12 all 
arm-none-eabi-gcc "../Core/Src/main.c" -mcpu=cortex-m0plus -std=gnu11 -g3 -DDEBUG -DUSE_HAL_DRIVER -DSTM32L053xx -c -I../Core/Inc -I../Drivers/STM32L0xx_HAL_Driver/Inc -I../Drivers/STM32L0xx_HAL_Driver/Inc/Legacy -I../Drivers/CMSIS/Device/ST/STM32L0xx/Include -I../Drivers/CMSIS/Include -O0 -ffunction-sections -fdata-sections -Wall -fstack-usage -fcyclomatic-complexity -MMD -MP -MF"Core/Src/main.d" -MT"Core/Src/main.o" --specs=nano.specs -mfloat-abi=soft -mthumb -o "Core/Src/main.o"
arm-none-eabi-gcc -o "Projeto Ampulheta.elf" @"objects.list"   -mcpu=cortex-m0plus -T"C:\Users\Smart4.0\STM32CubeIDE\workspace_1.19.0\Projeto Ampulheta\STM32L053R8TX_FLASH.ld" --specs=nosys.specs -Wl,-Map="Projeto Ampulheta.map" -Wl,--gc-sections -static --specs=nano.specs -mfloat-abi=soft -mthumb -Wl,--start-group -lc -lm -Wl,--end-group
Finished building target: Projeto Ampulheta.elf
 
arm-none-eabi-size  Projeto\ Ampulheta.elf 
arm-none-eabi-objdump -h -S Projeto\ Ampulheta.elf  > "Projeto Ampulheta.list"
   text	   data	    bss	    dec	    hex	filename
  14296	     12	   2740	  17048	   4298	Projeto Ampulheta.elf
Finished building: default.size.stdout
 
Finished building: Projeto Ampulheta.list
 
22:03:32 **** Incremental Build of configuration Debug for project Projeto Ampulheta ****
make -j12 all 
arm-none-eabi-size  Projeto\ Ampulheta.elf 
   text	   data	    bss	    dec	    hex	filename
  14296	     12	   2740	  17048	   4298	Projeto Ampulheta.elf
Finished building: default.size.stdout
 
22:05:33 **** Incremental Build of configuration Debug for project Projeto Ampulheta ****
make -j12 all 
arm-none-eabi-gcc "../Core/Src/main.c" -mcpu=cortex-m0plus -std=gnu11 -g3 -DDEBUG -DUSE_HAL_DRIVER -DSTM32L053xx -c -I../Core/Inc -I../Drivers/STM32L0xx_HAL_Driver/Inc -I../Drivers/STM32L0xx_HAL_Driver/Inc/Legacy -I../Drivers/CMSIS/Device/ST/STM32L0xx/Include -I../Drivers/CMSIS/Include -O0 -ffunction-sections -fdata-sections -Wall -fstack-usage -fcyclomatic-complexity -MMD -MP -MF"Core/Src/main.d" -MT"Core/Src/main.o" --specs=nano.specs -mfloat-abi=soft -mthumb -o "Core/Src/main.o"
arm-none-eabi-gcc -o "Projeto Ampulheta.elf" @"objects.list"   -mcpu=cortex-m0plus -T"C:\Users\Smart4.0\STM32CubeIDE\workspace_1.19.0\Projeto Ampulheta\STM32L053R8TX_FLASH.ld" --specs=nosys.specs -Wl,-Map="Projeto Ampulheta.map" -Wl,--gc-sections -static --specs=nano.specs -mfloat-abi=soft -mthumb -Wl,--start-group -lc -lm -Wl,--end-group
Finished building target: Projeto Ampulheta.elf
 
arm-none-eabi-size  Projeto\ Ampulheta.elf 
arm-none-eabi-objdump -h -S Projeto\ Ampulheta.elf  > "Projeto Ampulheta.list"
   text	   data	    bss	    dec	    hex	filename
  14296	     12	   2740	  17048	   4298	Projeto Ampulheta.elf
Finished building: default.size.stdout
 
Finished building: Projeto Ampulheta.list
 
22:05:58 **** Incremental Build of configuration Debug for project Projeto Ampulheta ****
make -j12 all 
arm-none-eabi-gcc "../Core/Src/main.c" -mcpu=cortex-m0plus -std=gnu11 -g3 -DDEBUG -DUSE_HAL_DRIVER -DSTM32L053xx -c -I../Core/Inc -I../Drivers/STM32L0xx_HAL_Driver/Inc -I../Drivers/STM32L0xx_HAL_Driver/Inc/Legacy -I../Drivers/CMSIS/Device/ST/STM32L0xx/Include -I../Drivers/CMSIS/Include -O0 -ffunction-sections -fdata-sections -Wall -fstack-usage -fcyclomatic-complexity -MMD -MP -MF"Core/Src/main.d" -MT"Core/Src/main.o" --specs=nano.specs -mfloat-abi=soft -mthumb -o "Core/Src/main.o"
arm-none-eabi-gcc -o "Projeto Ampulheta.elf" @"objects.list"   -mcpu=cortex-m0plus -T"C:\Users\Smart4.0\STM32CubeIDE\workspace_1.19.0\Projeto Ampulheta\STM32L053R8TX_FLASH.ld" --specs=nosys.specs -Wl,-Map="Projeto Ampulheta.map" -Wl,--gc-sections -static --specs=nano.specs -mfloat-abi=soft -mthumb -Wl,--start-group -lc -lm -Wl,--end-group
Finished building target: Projeto Ampulheta.elf
 
arm-none-eabi-size  Projeto\ Ampulheta.elf 
arm-none-eabi-objdump -h -S Projeto\ Ampulheta.elf  > "Projeto Ampulheta.list"
   text	   data	    bss	    dec	    hex	filename
   9004	     12	   1708	  10724	   29e4	Projeto Ampulheta.elf
Finished building: default.size.stdout
 
Finished building: Projeto Ampulheta.list
 
22:09:24 **** Incremental Build of configuration Debug for project Projeto Ampulheta ****
make -j12 all 
arm-none-eabi-gcc "../Core/Src/main.c" -mcpu=cortex-m0plus -std=gnu11 -g3 -DDEBUG -DUSE_HAL_DRIVER -DSTM32L053xx -c -I../Core/Inc -I../Drivers/STM32L0xx_HAL_Driver/Inc -I../Drivers/STM32L0xx_HAL_Driver/Inc/Legacy -I../Drivers/CMSIS/Device/ST/STM32L0xx/Include -I../Drivers/CMSIS/Include -O0 -ffunction-sections -fdata-sections -Wall -fstack-usage -fcyclomatic-complexity -MMD -MP -MF"Core/Src/main.d" -MT"Core/Src/main.o" --specs=nano.specs -mfloat-abi=soft -mthumb -o "Core/Src/main.o"
arm-none-eabi-gcc -o "Projeto Ampulheta.elf" @"objects.list"   -mcpu=cortex-m0plus -T"C:\Users\Smart4.0\STM32CubeIDE\workspace_1.19.0\Projeto Ampulheta\STM32L053R8TX_FLASH.ld" --specs=nosys.specs -Wl,-Map="Projeto Ampulheta.map" -Wl,--gc-sections -static --specs=nano.specs -mfloat-abi=soft -mthumb -Wl,--start-group -lc -lm -Wl,--end-group
Finished building target: Projeto Ampulheta.elf
 
arm-none-eabi-size  Projeto\ Ampulheta.elf 
arm-none-eabi-objdump -h -S Projeto\ Ampulheta.elf  > "Projeto Ampulheta.list"
   text	   data	    bss	    dec	    hex	filename
   8992	     12	   1708	  10712	   29d8	Projeto Ampulheta.elf
Finished building: default.size.stdout
 
Finished building: Projeto Ampulheta.list
 
22:10:56 **** Incremental Build of configuration Debug for project Projeto Ampulheta ****
make -j12 all 
arm-none-eabi-gcc "../Core/Src/main.c" -mcpu=cortex-m0plus -std=gnu11 -g3 -DDEBUG -DUSE_HAL_DRIVER -DSTM32L053xx -c -I../Core/Inc -I../Drivers/STM32L0xx_HAL_Driver/Inc -I../Drivers/STM32L0xx_HAL_Driver/Inc/Legacy -I../Drivers/CMSIS/Device/ST/STM32L0xx/Include -I../Drivers/CMSIS/Include -O0 -ffunction-sections -fdata-sections -Wall -fstack-usage -fcyclomatic-complexity -MMD -MP -MF"Core/Src/main.d" -MT"Core/Src/main.o" --specs=nano.specs -mfloat-abi=soft -mthumb -o "Core/Src/main.o"
../Core/Src/main.c: In function 'main':
../Core/Src/main.c:115:3: warning: implicit declaration of function 'HAL_RTC_EnableIT_SEC'; did you mean 'HAL_RCC_EnableCSS'? [-Wimplicit-function-declaration]
  115 |   HAL_RTC_EnableIT_SEC(&hrtc);
      |   ^~~~~~~~~~~~~~~~~~~~
      |   HAL_RCC_EnableCSS
arm-none-eabi-gcc -o "Projeto Ampulheta.elf" @"objects.list"   -mcpu=cortex-m0plus -T"C:\Users\Smart4.0\STM32CubeIDE\workspace_1.19.0\Projeto Ampulheta\STM32L053R8TX_FLASH.ld" --specs=nosys.specs -Wl,-Map="Projeto Ampulheta.map" -Wl,--gc-sections -static --specs=nano.specs -mfloat-abi=soft -mthumb -Wl,--start-group -lc -lm -Wl,--end-group
C:/ST/STM32CubeIDE_1.19.0/STM32CubeIDE/plugins/com.st.stm32cube.ide.mcu.externaltools.gnu-tools-for-stm32.13.3.rel1.win32_1.0.0.202411081344/tools/bin/../lib/gcc/arm-none-eabi/13.3.1/../../../../arm-none-eabi/bin/ld.exe: ./Core/Src/main.o: in function `main':
C:/Users/Smart4.0/STM32CubeIDE/workspace_1.19.0/Projeto Ampulheta/Debug/../Core/Src/main.c:115:(.text.main+0x1c): undefined reference to `HAL_RTC_EnableIT_SEC'
collect2.exe: error: ld returned 1 exit status
make: *** [makefile:64: Projeto Ampulheta.elf] Error 1
"make -j12 all" terminated with exit code 2. Build might be incomplete.
22:11:50 **** Incremental Build of configuration Debug for project Projeto Ampulheta ****
make -j12 all 
arm-none-eabi-gcc "../Core/Src/main.c" -mcpu=cortex-m0plus -std=gnu11 -g3 -DDEBUG -DUSE_HAL_DRIVER -DSTM32L053xx -c -I../Core/Inc -I../Drivers/STM32L0xx_HAL_Driver/Inc -I../Drivers/STM32L0xx_HAL_Driver/Inc/Legacy -I../Drivers/CMSIS/Device/ST/STM32L0xx/Include -I../Drivers/CMSIS/Include -O0 -ffunction-sections -fdata-sections -Wall -fstack-usage -fcyclomatic-complexity -MMD -MP -MF"Core/Src/main.d" -MT"Core/Src/main.o" --specs=nano.specs -mfloat-abi=soft -mthumb -o "Core/Src/main.o"
arm-none-eabi-gcc -o "Projeto Ampulheta.elf" @"objects.list"   -mcpu=cortex-m0plus -T"C:\Users\Smart4.0\STM32CubeIDE\workspace_1.19.0\Projeto Ampulheta\STM32L053R8TX_FLASH.ld" --specs=nosys.specs -Wl,-Map="Projeto Ampulheta.map" -Wl,--gc-sections -static --specs=nano.specs -mfloat-abi=soft -mthumb -Wl,--start-group -lc -lm -Wl,--end-group
Finished building target: Projeto Ampulheta.elf
 
arm-none-eabi-size  Projeto\ Ampulheta.elf 
arm-none-eabi-objdump -h -S Projeto\ Ampulheta.elf  > "Projeto Ampulheta.list"
   text	   data	    bss	    dec	    hex	filename
   8176	     12	   1708	   9896	   26a8	Projeto Ampulheta.elf
Finished building: default.size.stdout
 
Finished building: Projeto Ampulheta.list
 
22:12:10 **** Incremental Build of configuration Debug for project Projeto Ampulheta ****
make -j12 all 
arm-none-eabi-size  Projeto\ Ampulheta.elf 
   text	   data	    bss	    dec	    hex	filename
   8176	     12	   1708	   9896	   26a8	Projeto Ampulheta.elf
Finished building: default.size.stdout
 
22:14:24 **** Incremental Build of configuration Debug for project Projeto Ampulheta ****
make -j12 all 
arm-none-eabi-gcc "../Core/Src/main.c" -mcpu=cortex-m0plus -std=gnu11 -g3 -DDEBUG -DUSE_HAL_DRIVER -DSTM32L053xx -c -I../Core/Inc -I../Drivers/STM32L0xx_HAL_Driver/Inc -I../Drivers/STM32L0xx_HAL_Driver/Inc/Legacy -I../Drivers/CMSIS/Device/ST/STM32L0xx/Include -I../Drivers/CMSIS/Include -O0 -ffunction-sections -fdata-sections -Wall -fstack-usage -fcyclomatic-complexity -MMD -MP -MF"Core/Src/main.d" -MT"Core/Src/main.o" --specs=nano.specs -mfloat-abi=soft -mthumb -o "Core/Src/main.o"
arm-none-eabi-gcc -o "Projeto Ampulheta.elf" @"objects.list"   -mcpu=cortex-m0plus -T"C:\Users\Smart4.0\STM32CubeIDE\workspace_1.19.0\Projeto Ampulheta\STM32L053R8TX_FLASH.ld" --specs=nosys.specs -Wl,-Map="Projeto Ampulheta.map" -Wl,--gc-sections -static --specs=nano.specs -mfloat-abi=soft -mthumb -Wl,--start-group -lc -lm -Wl,--end-group
Finished building target: Projeto Ampulheta.elf
 
arm-none-eabi-size  Projeto\ Ampulheta.elf 
arm-none-eabi-objdump -h -S Projeto\ Ampulheta.elf  > "Projeto Ampulheta.list"
   text	   data	    bss	    dec	    hex	filename
   8352	     12	   1716	  10080	   2760	Projeto Ampulheta.elf
Finished building: default.size.stdout
 
Finished building: Projeto Ampulheta.list
 
22:14:28 **** Incremental Build of configuration Debug for project Projeto Ampulheta ****
make -j12 all 
arm-none-eabi-size  Projeto\ Ampulheta.elf 
   text	   data	    bss	    dec	    hex	filename
   8352	     12	   1716	  10080	   2760	Projeto Ampulheta.elf
Finished building: default.size.stdout
 
22:29:58 **** Incremental Build of configuration Debug for project Projeto Ampulheta ****
make -j12 all 
arm-none-eabi-gcc "../Core/Src/main.c" -mcpu=cortex-m0plus -std=gnu11 -g3 -DDEBUG -DUSE_HAL_DRIVER -DSTM32L053xx -c -I../Core/Inc -I../Drivers/STM32L0xx_HAL_Driver/Inc -I../Drivers/STM32L0xx_HAL_Driver/Inc/Legacy -I../Drivers/CMSIS/Device/ST/STM32L0xx/Include -I../Drivers/CMSIS/Include -O0 -ffunction-sections -fdata-sections -Wall -fstack-usage -fcyclomatic-complexity -MMD -MP -MF"Core/Src/main.d" -MT"Core/Src/main.o" --specs=nano.specs -mfloat-abi=soft -mthumb -o "Core/Src/main.o"
arm-none-eabi-gcc -o "Projeto Ampulheta.elf" @"objects.list"   -mcpu=cortex-m0plus -T"C:\Users\Smart4.0\STM32CubeIDE\workspace_1.19.0\Projeto Ampulheta\STM32L053R8TX_FLASH.ld" --specs=nosys.specs -Wl,-Map="Projeto Ampulheta.map" -Wl,--gc-sections -static --specs=nano.specs -mfloat-abi=soft -mthumb -Wl,--start-group -lc -lm -Wl,--end-group
Finished building target: Projeto Ampulheta.elf
 
arm-none-eabi-size  Projeto\ Ampulheta.elf 
arm-none-eabi-objdump -h -S Projeto\ Ampulheta.elf  > "Projeto Ampulheta.list"
   text	   data	    bss	    dec	    hex	filename
  14396	     12	   2748	  17156	   4304	Projeto Ampulheta.elf
Finished building: default.size.stdout
 
Finished building: Projeto Ampulheta.list
 
22:31:04 **** Incremental Build of configuration Debug for project Projeto Ampulheta ****
make -j12 all 
arm-none-eabi-gcc "../Core/Src/main.c" -mcpu=cortex-m0plus -std=gnu11 -g3 -DDEBUG -DUSE_HAL_DRIVER -DSTM32L053xx -c -I../Core/Inc -I../Drivers/STM32L0xx_HAL_Driver/Inc -I../Drivers/STM32L0xx_HAL_Driver/Inc/Legacy -I../Drivers/CMSIS/Device/ST/STM32L0xx/Include -I../Drivers/CMSIS/Include -O0 -ffunction-sections -fdata-sections -Wall -fstack-usage -fcyclomatic-complexity -MMD -MP -MF"Core/Src/main.d" -MT"Core/Src/main.o" --specs=nano.specs -mfloat-abi=soft -mthumb -o "Core/Src/main.o"
arm-none-eabi-gcc -o "Projeto Ampulheta.elf" @"objects.list"   -mcpu=cortex-m0plus -T"C:\Users\Smart4.0\STM32CubeIDE\workspace_1.19.0\Projeto Ampulheta\STM32L053R8TX_FLASH.ld" --specs=nosys.specs -Wl,-Map="Projeto Ampulheta.map" -Wl,--gc-sections -static --specs=nano.specs -mfloat-abi=soft -mthumb -Wl,--start-group -lc -lm -Wl,--end-group
Finished building target: Projeto Ampulheta.elf
 
arm-none-eabi-size  Projeto\ Ampulheta.elf 
arm-none-eabi-objdump -h -S Projeto\ Ampulheta.elf  > "Projeto Ampulheta.list"
   text	   data	    bss	    dec	    hex	filename
  14404	     12	   2748	  17164	   430c	Projeto Ampulheta.elf
Finished building: default.size.stdout
 
Finished building: Projeto Ampulheta.list
 
22:32:36 **** Incremental Build of configuration Debug for project Projeto Ampulheta ****
make -j12 all 
arm-none-eabi-gcc "../Core/Src/main.c" -mcpu=cortex-m0plus -std=gnu11 -g3 -DDEBUG -DUSE_HAL_DRIVER -DSTM32L053xx -c -I../Core/Inc -I../Drivers/STM32L0xx_HAL_Driver/Inc -I../Drivers/STM32L0xx_HAL_Driver/Inc/Legacy -I../Drivers/CMSIS/Device/ST/STM32L0xx/Include -I../Drivers/CMSIS/Include -O0 -ffunction-sections -fdata-sections -Wall -fstack-usage -fcyclomatic-complexity -MMD -MP -MF"Core/Src/main.d" -MT"Core/Src/main.o" --specs=nano.specs -mfloat-abi=soft -mthumb -o "Core/Src/main.o"
arm-none-eabi-gcc -o "Projeto Ampulheta.elf" @"objects.list"   -mcpu=cortex-m0plus -T"C:\Users\Smart4.0\STM32CubeIDE\workspace_1.19.0\Projeto Ampulheta\STM32L053R8TX_FLASH.ld" --specs=nosys.specs -Wl,-Map="Projeto Ampulheta.map" -Wl,--gc-sections -static --specs=nano.specs -mfloat-abi=soft -mthumb -Wl,--start-group -lc -lm -Wl,--end-group
Finished building target: Projeto Ampulheta.elf
 
arm-none-eabi-size  Projeto\ Ampulheta.elf 
arm-none-eabi-objdump -h -S Projeto\ Ampulheta.elf  > "Projeto Ampulheta.list"
   text	   data	    bss	    dec	    hex	filename
  14372	     12	   2748	  17132	   42ec	Projeto Ampulheta.elf
Finished building: default.size.stdout
 
Finished building: Projeto Ampulheta.list
 
22:33:17 **** Incremental Build of configuration Debug for project Projeto Ampulheta ****
make -j12 all 
arm-none-eabi-gcc "../Core/Src/main.c" -mcpu=cortex-m0plus -std=gnu11 -g3 -DDEBUG -DUSE_HAL_DRIVER -DSTM32L053xx -c -I../Core/Inc -I../Drivers/STM32L0xx_HAL_Driver/Inc -I../Drivers/STM32L0xx_HAL_Driver/Inc/Legacy -I../Drivers/CMSIS/Device/ST/STM32L0xx/Include -I../Drivers/CMSIS/Include -O0 -ffunction-sections -fdata-sections -Wall -fstack-usage -fcyclomatic-complexity -MMD -MP -MF"Core/Src/main.d" -MT"Core/Src/main.o" --specs=nano.specs -mfloat-abi=soft -mthumb -o "Core/Src/main.o"
arm-none-eabi-gcc -o "Projeto Ampulheta.elf" @"objects.list"   -mcpu=cortex-m0plus -T"C:\Users\Smart4.0\STM32CubeIDE\workspace_1.19.0\Projeto Ampulheta\STM32L053R8TX_FLASH.ld" --specs=nosys.specs -Wl,-Map="Projeto Ampulheta.map" -Wl,--gc-sections -static --specs=nano.specs -mfloat-abi=soft -mthumb -Wl,--start-group -lc -lm -Wl,--end-group
Finished building target: Projeto Ampulheta.elf
 
arm-none-eabi-size  Projeto\ Ampulheta.elf 
arm-none-eabi-objdump -h -S Projeto\ Ampulheta.elf  > "Projeto Ampulheta.list"
   text	   data	    bss	    dec	    hex	filename
  14372	     12	   2748	  17132	   42ec	Projeto Ampulheta.elf
Finished building: default.size.stdout
 
Finished building: Projeto Ampulheta.list
 
22:33:36 **** Incremental Build of configuration Debug for project Projeto Ampulheta ****
make -j12 all 
arm-none-eabi-gcc "../Core/Src/main.c" -mcpu=cortex-m0plus -std=gnu11 -g3 -DDEBUG -DUSE_HAL_DRIVER -DSTM32L053xx -c -I../Core/Inc -I../Drivers/STM32L0xx_HAL_Driver/Inc -I../Drivers/STM32L0xx_HAL_Driver/Inc/Legacy -I../Drivers/CMSIS/Device/ST/STM32L0xx/Include -I../Drivers/CMSIS/Include -O0 -ffunction-sections -fdata-sections -Wall -fstack-usage -fcyclomatic-complexity -MMD -MP -MF"Core/Src/main.d" -MT"Core/Src/main.o" --specs=nano.specs -mfloat-abi=soft -mthumb -o "Core/Src/main.o"
arm-none-eabi-gcc -o "Projeto Ampulheta.elf" @"objects.list"   -mcpu=cortex-m0plus -T"C:\Users\Smart4.0\STM32CubeIDE\workspace_1.19.0\Projeto Ampulheta\STM32L053R8TX_FLASH.ld" --specs=nosys.specs -Wl,-Map="Projeto Ampulheta.map" -Wl,--gc-sections -static --specs=nano.specs -mfloat-abi=soft -mthumb -Wl,--start-group -lc -lm -Wl,--end-group
Finished building target: Projeto Ampulheta.elf
 
arm-none-eabi-size  Projeto\ Ampulheta.elf 
arm-none-eabi-objdump -h -S Projeto\ Ampulheta.elf  > "Projeto Ampulheta.list"
   text	   data	    bss	    dec	    hex	filename
  14372	     12	   2748	  17132	   42ec	Projeto Ampulheta.elf
Finished building: default.size.stdout
 
Finished building: Projeto Ampulheta.list
 
22:33:47 **** Incremental Build of configuration Debug for project Projeto Ampulheta ****
make -j12 all 
arm-none-eabi-gcc "../Core/Src/main.c" -mcpu=cortex-m0plus -std=gnu11 -g3 -DDEBUG -DUSE_HAL_DRIVER -DSTM32L053xx -c -I../Core/Inc -I../Drivers/STM32L0xx_HAL_Driver/Inc -I../Drivers/STM32L0xx_HAL_Driver/Inc/Legacy -I../Drivers/CMSIS/Device/ST/STM32L0xx/Include -I../Drivers/CMSIS/Include -O0 -ffunction-sections -fdata-sections -Wall -fstack-usage -fcyclomatic-complexity -MMD -MP -MF"Core/Src/main.d" -MT"Core/Src/main.o" --specs=nano.specs -mfloat-abi=soft -mthumb -o "Core/Src/main.o"
arm-none-eabi-gcc -o "Projeto Ampulheta.elf" @"objects.list"   -mcpu=cortex-m0plus -T"C:\Users\Smart4.0\STM32CubeIDE\workspace_1.19.0\Projeto Ampulheta\STM32L053R8TX_FLASH.ld" --specs=nosys.specs -Wl,-Map="Projeto Ampulheta.map" -Wl,--gc-sections -static --specs=nano.specs -mfloat-abi=soft -mthumb -Wl,--start-group -lc -lm -Wl,--end-group
Finished building target: Projeto Ampulheta.elf
 
arm-none-eabi-size  Projeto\ Ampulheta.elf 
arm-none-eabi-objdump -h -S Projeto\ Ampulheta.elf  > "Projeto Ampulheta.list"
   text	   data	    bss	    dec	    hex	filename
  14372	     12	   2748	  17132	   42ec	Projeto Ampulheta.elf
Finished building: default.size.stdout
 
Finished building: Projeto Ampulheta.list
 
22:34:58 **** Incremental Build of configuration Debug for project Projeto Ampulheta ****
make -j12 all 
arm-none-eabi-gcc "../Core/Src/main.c" -mcpu=cortex-m0plus -std=gnu11 -g3 -DDEBUG -DUSE_HAL_DRIVER -DSTM32L053xx -c -I../Core/Inc -I../Drivers/STM32L0xx_HAL_Driver/Inc -I../Drivers/STM32L0xx_HAL_Driver/Inc/Legacy -I../Drivers/CMSIS/Device/ST/STM32L0xx/Include -I../Drivers/CMSIS/Include -O0 -ffunction-sections -fdata-sections -Wall -fstack-usage -fcyclomatic-complexity -MMD -MP -MF"Core/Src/main.d" -MT"Core/Src/main.o" --specs=nano.specs -mfloat-abi=soft -mthumb -o "Core/Src/main.o"
arm-none-eabi-gcc -o "Projeto Ampulheta.elf" @"objects.list"   -mcpu=cortex-m0plus -T"C:\Users\Smart4.0\STM32CubeIDE\workspace_1.19.0\Projeto Ampulheta\STM32L053R8TX_FLASH.ld" --specs=nosys.specs -Wl,-Map="Projeto Ampulheta.map" -Wl,--gc-sections -static --specs=nano.specs -mfloat-abi=soft -mthumb -Wl,--start-group -lc -lm -Wl,--end-group
Finished building target: Projeto Ampulheta.elf
 
arm-none-eabi-size  Projeto\ Ampulheta.elf 
arm-none-eabi-objdump -h -S Projeto\ Ampulheta.elf  > "Projeto Ampulheta.list"
   text	   data	    bss	    dec	    hex	filename
  11848	     12	   2748	  14608	   3910	Projeto Ampulheta.elf
Finished building: default.size.stdout
 
Finished building: Projeto Ampulheta.list
 
22:35:30 **** Incremental Build of configuration Debug for project Projeto Ampulheta ****
make -j12 all 
arm-none-eabi-gcc "../Core/Src/main.c" -mcpu=cortex-m0plus -std=gnu11 -g3 -DDEBUG -DUSE_HAL_DRIVER -DSTM32L053xx -c -I../Core/Inc -I../Drivers/STM32L0xx_HAL_Driver/Inc -I../Drivers/STM32L0xx_HAL_Driver/Inc/Legacy -I../Drivers/CMSIS/Device/ST/STM32L0xx/Include -I../Drivers/CMSIS/Include -O0 -ffunction-sections -fdata-sections -Wall -fstack-usage -fcyclomatic-complexity -MMD -MP -MF"Core/Src/main.d" -MT"Core/Src/main.o" --specs=nano.specs -mfloat-abi=soft -mthumb -o "Core/Src/main.o"
[...]
Finished building target: Projeto Ampulheta.elf
 
arm-none-eabi-size  Projeto\ Ampulheta.elf 
arm-none-eabi-objdump -h -S Projeto\ Ampulheta.elf  > "Projeto Ampulheta.list"
   text	   data	    bss	    dec	    hex	filename
  19208	     96	   3104	  22408	   5788	Projeto Ampulheta.elf
Finished building: default.size.stdout
 
Finished building: Projeto Ampulheta.list
 
00:18:25 **** Incremental Build of configuration Debug for project Projeto Ampulheta ****
make -j12 all 
arm-none-eabi-gcc "../Core/Src/main.c" -mcpu=cortex-m0plus -std=gnu11 -g3 -DDEBUG -DUSE_HAL_DRIVER -DSTM32L053xx -c -I../Core/Inc -I../Drivers/STM32L0xx_HAL_Driver/Inc -I../Drivers/STM32L0xx_HAL_Driver/Inc/Legacy -I../Drivers/CMSIS/Device/ST/STM32L0xx/Include -I../Drivers/CMSIS/Include -O0 -ffunction-sections -fdata-sections -Wall -fstack-usage -fcyclomatic-complexity -MMD -MP -MF"Core/Src/main.d" -MT"Core/Src/main.o" --specs=nano.specs -mfloat-abi=soft -mthumb -o "Core/Src/main.o"
arm-none-eabi-gcc -o "Projeto Ampulheta.elf" @"objects.list"   -mcpu=cortex-m0plus -T"C:\Users\Smart4.0\STM32CubeIDE\workspace_1.19.0\Projeto Ampulheta\STM32L053R8TX_FLASH.ld" --specs=nosys.specs -Wl,-Map="Projeto Ampulheta.map" -Wl,--gc-sections -static --specs=nano.specs -mfloat-abi=soft -mthumb -Wl,--start-group -lc -lm -Wl,--end-group
Finished building target: Projeto Ampulheta.elf
 
arm-none-eabi-size  Projeto\ Ampulheta.elf 
arm-none-eabi-objdump -h -S Projeto\ Ampulheta.elf  > "Projeto Ampulheta.list"
   text	   data	    bss	    dec	    hex	filename
  19208	     96	   3104	  22408	   5788	Projeto Ampulheta.elf
Finished building: default.size.stdout
 
Finished building: Projeto Ampulheta.list
 
00:18:59 **** Incremental Build of configuration Debug for project Projeto Ampulheta ****
make -j12 all 
arm-none-eabi-gcc "../Core/Src/main.c" -mcpu=cortex-m0plus -std=gnu11 -g3 -DDEBUG -DUSE_HAL_DRIVER -DSTM32L053xx -c -I../Core/Inc -I../Drivers/STM32L0xx_HAL_Driver/Inc -I../Drivers/STM32L0xx_HAL_Driver/Inc/Legacy -I../Drivers/CMSIS/Device/ST/STM32L0xx/Include -I../Drivers/CMSIS/Include -O0 -ffunction-sections -fdata-sections -Wall -fstack-usage -fcyclomatic-complexity -MMD -MP -MF"Core/Src/main.d" -MT"Core/Src/main.o" --specs=nano.specs -mfloat-abi=soft -mthumb -o "Core/Src/main.o"
arm-none-eabi-gcc -o "Projeto Ampulheta.elf" @"objects.list"   -mcpu=cortex-m0plus -T"C:\Users\Smart4.0\STM32CubeIDE\workspace_1.19.0\Projeto Ampulheta\STM32L053R8TX_FLASH.ld" --specs=nosys.specs -Wl,-Map="Projeto Ampulheta.map" -Wl,--gc-sections -static --specs=nano.specs -mfloat-abi=soft -mthumb -Wl,--start-group -lc -lm -Wl,--end-group
Finished building target: Projeto Ampulheta.elf
 
arm-none-eabi-size  Projeto\ Ampulheta.elf 
arm-none-eabi-objdump -h -S Projeto\ Ampulheta.elf  > "Projeto Ampulheta.list"
   text	   data	    bss	    dec	    hex	filename
  19208	     96	   3104	  22408	   5788	Projeto Ampulheta.elf
Finished building: default.size.stdout
 
Finished building: Projeto Ampulheta.list
 
00:19:16 **** Incremental Build of configuration Debug for project Projeto Ampulheta ****
make -j12 all 
arm-none-eabi-gcc "../Core/Src/main.c" -mcpu=cortex-m0plus -std=gnu11 -g3 -DDEBUG -DUSE_HAL_DRIVER -DSTM32L053xx -c -I../Core/Inc -I../Drivers/STM32L0xx_HAL_Driver/Inc -I../Drivers/STM32L0xx_HAL_Driver/Inc/Legacy -I../Drivers/CMSIS/Device/ST/STM32L0xx/Include -I../Drivers/CMSIS/Include -O0 -ffunction-sections -fdata-sections -Wall -fstack-usage -fcyclomatic-complexity -MMD -MP -MF"Core/Src/main.d" -MT"Core/Src/main.o" --specs=nano.specs -mfloat-abi=soft -mthumb -o "Core/Src/main.o"
arm-none-eabi-gcc -o "Projeto Ampulheta.elf" @"objects.list"   -mcpu=cortex-m0plus -T"C:\Users\Smart4.0\STM32CubeIDE\workspace_1.19.0\Projeto Ampulheta\STM32L053R8TX_FLASH.ld" --specs=nosys.specs -Wl,-Map="Projeto Ampulheta.map" -Wl,--gc-sections -static --specs=nano.specs -mfloat-abi=soft -mthumb -Wl,--start-group -lc -lm -Wl,--end-group
Finished building target: Projeto Ampulheta.elf
 
arm-none-eabi-size  Projeto\ Ampulheta.elf 
arm-none-eabi-objdump -h -S Projeto\ Ampulheta.elf  > "Projeto Ampulheta.list"
   text	   data	    bss	    dec	    hex	filename
  19208	     96	   3104	  22408	   5788	Projeto Ampulheta.elf
Finished building: default.size.stdout
 
Finished building: Projeto Ampulheta.list
 
00:19:54 **** Incremental Build of configuration Debug for project Projeto Ampulheta ****
make -j12 all 
arm-none-eabi-gcc "../Core/Src/main.c" -mcpu=cortex-m0plus -std=gnu11 -g3 -DDEBUG -DUSE_HAL_DRIVER -DSTM32L053xx -c -I../Core/Inc -I../Drivers/STM32L0xx_HAL_Driver/Inc -I../Drivers/STM32L0xx_HAL_Driver/Inc/Legacy -I../Drivers/CMSIS/Device/ST/STM32L0xx/Include -I../Drivers/CMSIS/Include -O0 -ffunction-sections -fdata-sections -Wall -fstack-usage -fcyclomatic-complexity -MMD -MP -MF"Core/Src/main.d" -MT"Core/Src/main.o" --specs=nano.specs -mfloat-abi=soft -mthumb -o "Core/Src/main.o"
arm-none-eabi-gcc -o "Projeto Ampulheta.elf" @"objects.list"   -mcpu=cortex-m0plus -T"C:\Users\Smart4.0\STM32CubeIDE\workspace_1.19.0\Projeto Ampulheta\STM32L053R8TX_FLASH.ld" --specs=nosys.specs -Wl,-Map="Projeto Ampulheta.map" -Wl,--gc-sections -static --specs=nano.specs -mfloat-abi=soft -mthumb -Wl,--start-group -lc -lm -Wl,--end-group
Finished building target: Projeto Ampulheta.elf
 
arm-none-eabi-size  Projeto\ Ampulheta.elf 
arm-none-eabi-objdump -h -S Projeto\ Ampulheta.elf  > "Projeto Ampulheta.list"
   text	   data	    bss	    dec	    hex	filename
  19208	     96	   3104	  22408	   5788	Projeto Ampulheta.elf
Finished building: default.size.stdout
 
Finished building: Projeto Ampulheta.list
 
00:20:40 **** Incremental Build of configuration Debug for project Projeto Ampulheta ****
make -j12 all 
arm-none-eabi-gcc "../Core/Src/main.c" -mcpu=cortex-m0plus -std=gnu11 -g3 -DDEBUG -DUSE_HAL_DRIVER -DSTM32L053xx -c -I../Core/Inc -I../Drivers/STM32L0xx_HAL_Driver/Inc -I../Drivers/STM32L0xx_HAL_Driver/Inc/Legacy -I../Drivers/CMSIS/Device/ST/STM32L0xx/Include -I../Drivers/CMSIS/Include -O0 -ffunction-sections -fdata-sections -Wall -fstack-usage -fcyclomatic-complexity -MMD -MP -MF"Core/Src/main.d" -MT"Core/Src/main.o" --specs=nano.specs -mfloat-abi=soft -mthumb -o "Core/Src/main.o"
arm-none-eabi-gcc -o "Projeto Ampulheta.elf" @"objects.list"   -mcpu=cortex-m0plus -T"C:\Users\Smart4.0\STM32CubeIDE\workspace_1.19.0\Projeto Ampulheta\STM32L053R8TX_FLASH.ld" --specs=nosys.specs -Wl,-Map="Projeto Ampulheta.map" -Wl,--gc-sections -static --specs=nano.specs -mfloat-abi=soft -mthumb -Wl,--start-group -lc -lm -Wl,--end-group
Finished building target: Projeto Ampulheta.elf
 
arm-none-eabi-size  Projeto\ Ampulheta.elf 
arm-none-eabi-objdump -h -S Projeto\ Ampulheta.elf  > "Projeto Ampulheta.list"
   text	   data	    bss	    dec	    hex	filename
  19208	     96	   3104	  22408	   5788	Projeto Ampulheta.elf
Finished building: default.size.stdout
 
Finished building: Projeto Ampulheta.list
 
00:22:01 **** Incremental Build of configuration Debug for project Projeto Ampulheta ****
make -j12 all 
arm-none-eabi-gcc "../Core/Src/main.c" -mcpu=cortex-m0plus -std=gnu11 -g3 -DDEBUG -DUSE_HAL_DRIVER -DSTM32L053xx -c -I../Core/Inc -I../Drivers/STM32L0xx_HAL_Driver/Inc -I../Drivers/STM32L0xx_HAL_Driver/Inc/Legacy -I../Drivers/CMSIS/Device/ST/STM32L0xx/Include -I../Drivers/CMSIS/Include -O0 -ffunction-sections -fdata-sections -Wall -fstack-usage -fcyclomatic-complexity -MMD -MP -MF"Core/Src/main.d" -MT"Core/Src/main.o" --specs=nano.specs -mfloat-abi=soft -mthumb -o "Core/Src/main.o"
arm-none-eabi-gcc -o "Projeto Ampulheta.elf" @"objects.list"   -mcpu=cortex-m0plus -T"C:\Users\Smart4.0\STM32CubeIDE\workspace_1.19.0\Projeto Ampulheta\STM32L053R8TX_FLASH.ld" --specs=nosys.specs -Wl,-Map="Projeto Ampulheta.map" -Wl,--gc-sections -static --specs=nano.specs -mfloat-abi=soft -mthumb -Wl,--start-group -lc -lm -Wl,--end-group
Finished building target: Projeto Ampulheta.elf
 
arm-none-eabi-size  Projeto\ Ampulheta.elf 
arm-none-eabi-objdump -h -S Projeto\ Ampulheta.elf  > "Projeto Ampulheta.list"
   text	   data	    bss	    dec	    hex	filename
  19084	     96	   3104	  22284	   570c	Projeto Ampulheta.elf
Finished building: default.size.stdout
 
Finished building: Projeto Ampulheta.list
 
00:22:13 **** Incremental Build of configuration Debug for project Projeto Ampulheta ****
make -j12 all 
arm-none-eabi-gcc "../Core/Src/main.c" -mcpu=cortex-m0plus -std=gnu11 -g3 -DDEBUG -DUSE_HAL_DRIVER -DSTM32L053xx -c -I../Core/Inc -I../Drivers/STM32L0xx_HAL_Driver/Inc -I../Drivers/STM32L0xx_HAL_Driver/Inc/Legacy -I../Drivers/CMSIS/Device/ST/STM32L0xx/Include -I../Drivers/CMSIS/Include -O0 -ffunction-sections -fdata-sections -Wall -fstack-usage -fcyclomatic-complexity -MMD -MP -MF"Core/Src/main.d" -MT"Core/Src/main.o" --specs=nano.specs -mfloat-abi=soft -mthumb -o "Core/Src/main.o"
arm-none-eabi-gcc -o "Projeto Ampulheta.elf" @"objects.list"   -mcpu=cortex-m0plus -T"C:\Users\Smart4.0\STM32CubeIDE\workspace_1.19.0\Projeto Ampulheta\STM32L053R8TX_FLASH.ld" --specs=nosys.specs -Wl,-Map="Projeto Ampulheta.map" -Wl,--gc-sections -static --specs=nano.specs -mfloat-abi=soft -mthumb -Wl,--start-group -lc -lm -Wl,--end-group
Finished building target: Projeto Ampulheta.elf
 
arm-none-eabi-size  Projeto\ Ampulheta.elf 
arm-none-eabi-objdump -h -S Projeto\ Ampulheta.elf  > "Projeto Ampulheta.list"
   text	   data	    bss	    dec	    hex	filename
  19048	     96	   3104	  22248	   56e8	Projeto Ampulheta.elf
Finished building: default.size.stdout
 
Finished building: Projeto Ampulheta.list
 
00:23:18 **** Incremental Build of configuration Debug for project Projeto Ampulheta ****
make -j12 all 
arm-none-eabi-gcc "../Core/Src/main.c" -mcpu=cortex-m0plus -std=gnu11 -g3 -DDEBUG -DUSE_HAL_DRIVER -DSTM32L053xx -c -I../Core/Inc -I../Drivers/STM32L0xx_HAL_Driver/Inc -I../Drivers/STM32L0xx_HAL_Driver/Inc/Legacy -I../Drivers/CMSIS/Device/ST/STM32L0xx/Include -I../Drivers/CMSIS/Include -O0 -ffunction-sections -fdata-sections -Wall -fstack-usage -fcyclomatic-complexity -MMD -MP -MF"Core/Src/main.d" -MT"Core/Src/main.o" --specs=nano.specs -mfloat-abi=soft -mthumb -o "Core/Src/main.o"
arm-none-eabi-gcc -o "Projeto Ampulheta.elf" @"objects.list"   -mcpu=cortex-m0plus -T"C:\Users\Smart4.0\STM32CubeIDE\workspace_1.19.0\Projeto Ampulheta\STM32L053R8TX_FLASH.ld" --specs=nosys.specs -Wl,-Map="Projeto Ampulheta.map" -Wl,--gc-sections -static --specs=nano.specs -mfloat-abi=soft -mthumb -Wl,--start-group -lc -lm -Wl,--end-group
Finished building target: Projeto Ampulheta.elf
 
arm-none-eabi-size  Projeto\ Ampulheta.elf 
arm-none-eabi-objdump -h -S Projeto\ Ampulheta.elf  > "Projeto Ampulheta.list"
   text	   data	    bss	    dec	    hex	filename
  19052	     96	   3104	  22252	   56ec	Projeto Ampulheta.elf
Finished building: default.size.stdout
 
Finished building: Projeto Ampulheta.list
 
00:24:14 **** Incremental Build of configuration Debug for project Projeto Ampulheta ****
make -j12 all 
arm-none-eabi-gcc "../Core/Src/main.c" -mcpu=cortex-m0plus -std=gnu11 -g3 -DDEBUG -DUSE_HAL_DRIVER -DSTM32L053xx -c -I../Core/Inc -I../Drivers/STM32L0xx_HAL_Driver/Inc -I../Drivers/STM32L0xx_HAL_Driver/Inc/Legacy -I../Drivers/CMSIS/Device/ST/STM32L0xx/Include -I../Drivers/CMSIS/Include -O0 -ffunction-sections -fdata-sections -Wall -fstack-usage -fcyclomatic-complexity -MMD -MP -MF"Core/Src/main.d" -MT"Core/Src/main.o" --specs=nano.specs -mfloat-abi=soft -mthumb -o "Core/Src/main.o"
arm-none-eabi-gcc -o "Projeto Ampulheta.elf" @"objects.list"   -mcpu=cortex-m0plus -T"C:\Users\Smart4.0\STM32CubeIDE\workspace_1.19.0\Projeto Ampulheta\STM32L053R8TX_FLASH.ld" --specs=nosys.specs -Wl,-Map="Projeto Ampulheta.map" -Wl,--gc-sections -static --specs=nano.specs -mfloat-abi=soft -mthumb -Wl,--start-group -lc -lm -Wl,--end-group
Finished building target: Projeto Ampulheta.elf
 
arm-none-eabi-size  Projeto\ Ampulheta.elf 
arm-none-eabi-objdump -h -S Projeto\ Ampulheta.elf  > "Projeto Ampulheta.list"
   text	   data	    bss	    dec	    hex	filename
  19048	     96	   3104	  22248	   56e8	Projeto Ampulheta.elf
Finished building: default.size.stdout
 
Finished building: Projeto Ampulheta.list
 
00:25:08 **** Incremental Build of configuration Debug for project Projeto Ampulheta ****
make -j12 all 
arm-none-eabi-gcc "../Core/Src/main.c" -mcpu=cortex-m0plus -std=gnu11 -g3 -DDEBUG -DUSE_HAL_DRIVER -DSTM32L053xx -c -I../Core/Inc -I../Drivers/STM32L0xx_HAL_Driver/Inc -I../Drivers/STM32L0xx_HAL_Driver/Inc/Legacy -I../Drivers/CMSIS/Device/ST/STM32L0xx/Include -I../Drivers/CMSIS/Include -O0 -ffunction-sections -fdata-sections -Wall -fstack-usage -fcyclomatic-complexity -MMD -MP -MF"Core/Src/main.d" -MT"Core/Src/main.o" --specs=nano.specs -mfloat-abi=soft -mthumb -o "Core/Src/main.o"
arm-none-eabi-gcc -o "Projeto Ampulheta.elf" @"objects.list"   -mcpu=cortex-m0plus -T"C:\Users\Smart4.0\STM32CubeIDE\workspace_1.19.0\Projeto Ampulheta\STM32L053R8TX_FLASH.ld" --specs=nosys.specs -Wl,-Map="Projeto Ampulheta.map" -Wl,--gc-sections -static --specs=nano.specs -mfloat-abi=soft -mthumb -Wl,--start-group -lc -lm -Wl,--end-group
Finished building target: Projeto Ampulheta.elf
 
arm-none-eabi-size  Projeto\ Ampulheta.elf 
arm-none-eabi-objdump -h -S Projeto\ Ampulheta.elf  > "Projeto Ampulheta.list"
   text	   data	    bss	    dec	    hex	filename
  19052	     96	   3104	  22252	   56ec	Projeto Ampulheta.elf
Finished building: default.size.stdout
 
Finished building: Projeto Ampulheta.list
 
00:26:20 **** Incremental Build of configuration Debug for project Projeto Ampulheta ****
make -j12 all 
arm-none-eabi-gcc "../Core/Src/main.c" -mcpu=cortex-m0plus -std=gnu11 -g3 -DDEBUG -DUSE_HAL_DRIVER -DSTM32L053xx -c -I../Core/Inc -I../Drivers/STM32L0xx_HAL_Driver/Inc -I../Drivers/STM32L0xx_HAL_Driver/Inc/Legacy -I../Drivers/CMSIS/Device/ST/STM32L0xx/Include -I../Drivers/CMSIS/Include -O0 -ffunction-sections -fdata-sections -Wall -fstack-usage -fcyclomatic-complexity -MMD -MP -MF"Core/Src/main.d" -MT"Core/Src/main.o" --specs=nano.specs -mfloat-abi=soft -mthumb -o "Core/Src/main.o"
arm-none-eabi-gcc -o "Projeto Ampulheta.elf" @"objects.list"   -mcpu=cortex-m0plus -T"C:\Users\Smart4.0\STM32CubeIDE\workspace_1.19.0\Projeto Ampulheta\STM32L053R8TX_FLASH.ld" --specs=nosys.specs -Wl,-Map="Projeto Ampulheta.map" -Wl,--gc-sections -static --specs=nano.specs -mfloat-abi=soft -mthumb -Wl,--start-group -lc -lm -Wl,--end-group
Finished building target: Projeto Ampulheta.elf
 
arm-none-eabi-size  Projeto\ Ampulheta.elf 
arm-none-eabi-objdump -h -S Projeto\ Ampulheta.elf  > "Projeto Ampulheta.list"
   text	   data	    bss	    dec	    hex	filename
  17028	     96	   3104	  20228	   4f04	Projeto Ampulheta.elf
Finished building: default.size.stdout
 
Finished building: Projeto Ampulheta.list
 
00:27:00 **** Incremental Build of configuration Debug for project Projeto Ampulheta ****
make -j12 all 
arm-none-eabi-gcc "../Core/Src/main.c" -mcpu=cortex-m0plus -std=gnu11 -g3 -DDEBUG -DUSE_HAL_DRIVER -DSTM32L053xx -c -I../Core/Inc -I../Drivers/STM32L0xx_HAL_Driver/Inc -I../Drivers/STM32L0xx_HAL_Driver/Inc/Legacy -I../Drivers/CMSIS/Device/ST/STM32L0xx/Include -I../Drivers/CMSIS/Include -O0 -ffunction-sections -fdata-sections -Wall -fstack-usage -fcyclomatic-complexity -MMD -MP -MF"Core/Src/main.d" -MT"Core/Src/main.o" --specs=nano.specs -mfloat-abi=soft -mthumb -o "Core/Src/main.o"
arm-none-eabi-gcc -o "Projeto Ampulheta.elf" @"objects.list"   -mcpu=cortex-m0plus -T"C:\Users\Smart4.0\STM32CubeIDE\workspace_1.19.0\Projeto Ampulheta\STM32L053R8TX_FLASH.ld" --specs=nosys.specs -Wl,-Map="Projeto Ampulheta.map" -Wl,--gc-sections -static --specs=nano.specs -mfloat-abi=soft -mthumb -Wl,--start-group -lc -lm -Wl,--end-group
Finished building target: Projeto Ampulheta.elf
 
arm-none-eabi-size  Projeto\ Ampulheta.elf 
arm-none-eabi-objdump -h -S Projeto\ Ampulheta.elf  > "Projeto Ampulheta.list"
   text	   data	    bss	    dec	    hex	filename
  17028	     96	   3104	  20228	   4f04	Projeto Ampulheta.elf
Finished building: default.size.stdout
 
Finished building: Projeto Ampulheta.list
 
00:27:40 **** Incremental Build of configuration Debug for project Projeto Ampulheta ****
make -j12 all 
arm-none-eabi-gcc "../Core/Src/main.c" -mcpu=cortex-m0plus -std=gnu11 -g3 -DDEBUG -DUSE_HAL_DRIVER -DSTM32L053xx -c -I../Core/Inc -I../Drivers/STM32L0xx_HAL_Driver/Inc -I../Drivers/STM32L0xx_HAL_Driver/Inc/Legacy -I../Drivers/CMSIS/Device/ST/STM32L0xx/Include -I../Drivers/CMSIS/Include -O0 -ffunction-sections -fdata-sections -Wall -fstack-usage -fcyclomatic-complexity -MMD -MP -MF"Core/Src/main.d" -MT"Core/Src/main.o" --specs=nano.specs -mfloat-abi=soft -mthumb -o "Core/Src/main.o"
arm-none-eabi-gcc -o "Projeto Ampulheta.elf" @"objects.list"   -mcpu=cortex-m0plus -T"C:\Users\Smart4.0\STM32CubeIDE\workspace_1.19.0\Projeto Ampulheta\STM32L053R8TX_FLASH.ld" --specs=nosys.specs -Wl,-Map="Projeto Ampulheta.map" -Wl,--gc-sections -static --specs=nano.specs -mfloat-abi=soft -mthumb -Wl,--start-group -lc -lm -Wl,--end-group
Finished building target: Projeto Ampulheta.elf
 
arm-none-eabi-size  Projeto\ Ampulheta.elf 
arm-none-eabi-objdump -h -S Projeto\ Ampulheta.elf  > "Projeto Ampulheta.list"
   text	   data	    bss	    dec	    hex	filename
  19048	     96	   3104	  22248	   56e8	Projeto Ampulheta.elf
Finished building: default.size.stdout
 
Finished building: Projeto Ampulheta.list
 
00:28:20 **** Incremental Build of configuration Debug for project Projeto Ampulheta ****
make -j12 all 
arm-none-eabi-gcc "../Core/Src/main.c" -mcpu=cortex-m0plus -std=gnu11 -g3 -DDEBUG -DUSE_HAL_DRIVER -DSTM32L053xx -c -I../Core/Inc -I../Drivers/STM32L0xx_HAL_Driver/Inc -I../Drivers/STM32L0xx_HAL_Driver/Inc/Legacy -I../Drivers/CMSIS/Device/ST/STM32L0xx/Include -I../Drivers/CMSIS/Include -O0 -ffunction-sections -fdata-sections -Wall -fstack-usage -fcyclomatic-complexity -MMD -MP -MF"Core/Src/main.d" -MT"Core/Src/main.o" --specs=nano.specs -mfloat-abi=soft -mthumb -o "Core/Src/main.o"
arm-none-eabi-gcc -o "Projeto Ampulheta.elf" @"objects.list"   -mcpu=cortex-m0plus -T"C:\Users\Smart4.0\STM32CubeIDE\workspace_1.19.0\Projeto Ampulheta\STM32L053R8TX_FLASH.ld" --specs=nosys.specs -Wl,-Map="Projeto Ampulheta.map" -Wl,--gc-sections -static --specs=nano.specs -mfloat-abi=soft -mthumb -Wl,--start-group -lc -lm -Wl,--end-group
Finished building target: Projeto Ampulheta.elf
 
arm-none-eabi-size  Projeto\ Ampulheta.elf 
arm-none-eabi-objdump -h -S Projeto\ Ampulheta.elf  > "Projeto Ampulheta.list"
   text	   data	    bss	    dec	    hex	filename
  19052	     96	   3104	  22252	   56ec	Projeto Ampulheta.elf
Finished building: default.size.stdout
 
Finished building: Projeto Ampulheta.list
 
00:29:30 **** Incremental Build of configuration Debug for project Projeto Ampulheta ****
make -j12 all 
arm-none-eabi-gcc "../Core/Src/main.c" -mcpu=cortex-m0plus -std=gnu11 -g3 -DDEBUG -DUSE_HAL_DRIVER -DSTM32L053xx -c -I../Core/Inc -I../Drivers/STM32L0xx_HAL_Driver/Inc -I../Drivers/STM32L0xx_HAL_Driver/Inc/Legacy -I../Drivers/CMSIS/Device/ST/STM32L0xx/Include -I../Drivers/CMSIS/Include -O0 -ffunction-sections -fdata-sections -Wall -fstack-usage -fcyclomatic-complexity -MMD -MP -MF"Core/Src/main.d" -MT"Core/Src/main.o" --specs=nano.specs -mfloat-abi=soft -mthumb -o "Core/Src/main.o"
arm-none-eabi-gcc -o "Projeto Ampulheta.elf" @"objects.list"   -mcpu=cortex-m0plus -T"C:\Users\Smart4.0\STM32CubeIDE\workspace_1.19.0\Projeto Ampulheta\STM32L053R8TX_FLASH.ld" --specs=nosys.specs -Wl,-Map="Projeto Ampulheta.map" -Wl,--gc-sections -static --specs=nano.specs -mfloat-abi=soft -mthumb -Wl,--start-group -lc -lm -Wl,--end-group
Finished building target: Projeto Ampulheta.elf
 
arm-none-eabi-size  Projeto\ Ampulheta.elf 
arm-none-eabi-objdump -h -S Projeto\ Ampulheta.elf  > "Projeto Ampulheta.list"
   text	   data	    bss	    dec	    hex	filename
  19052	     96	   3104	  22252	   56ec	Projeto Ampulheta.elf
Finished building: default.size.stdout
 
Finished building: Projeto Ampulheta.list
 
