13:41:25 **** Incremental Build of configuration Debug for project NUCLEO - LowPowerTime PWM ****
make -j24 all 
arm-none-eabi-gcc "../Core/Src/main.c" -mcpu=cortex-m0plus -std=gnu11 -g3 -DDEBUG -DUSE_HAL_DRIVER -DSTM32L053xx -c -I../Core/Inc -I../Drivers/STM32L0xx_HAL_Driver/Inc -I../Drivers/STM32L0xx_HAL_Driver/Inc/Legacy -I../Drivers/CMSIS/Device/ST/STM32L0xx/Include -I../Drivers/CMSIS/Include -O0 -ffunction-sections -fdata-sections -Wall -fstack-usage -fcyclomatic-complexity -MMD -MP -MF"Core/Src/main.d" -MT"Core/Src/main.o" --specs=nano.specs -mfloat-abi=soft -mthumb -o "Core/Src/main.o"
arm-none-eabi-gcc -o "NUCLEO - LowPowerTime PWM.elf" @"objects.list"   -mcpu=cortex-m0plus -T"C:\Users\Eletronica\STM32CubeIDE\workspace_1.19.0\NUCLEO - LowPowerTime PWM\STM32L053R8TX_FLASH.ld" --specs=nosys.specs -Wl,-Map="NUCLEO - LowPowerTime PWM.map" -Wl,--gc-sections -static --specs=nano.specs -mfloat-abi=soft -mthumb -Wl,--start-group -lc -lm -Wl,--end-group
Finished building target: NUCLEO - LowPowerTime PWM.elf
 
arm-none-eabi-size  NUCLEO\ -\ LowPowerTime\ PWM.elf 
arm-none-eabi-objdump -h -S NUCLEO\ -\ LowPowerTime\ PWM.elf  > "NUCLEO - LowPowerTime PWM.list"
   text	   data	    bss	    dec	    hex	filename
   7156	     12	   1620	   8788	   2254	NUCLEO - LowPowerTime PWM.elf
Finished building: default.size.stdout
 
Finished building: NUCLEO - LowPowerTime PWM.list
 

13:41:26 Build Finished. 0 errors, 0 warnings. (took 383ms)

