20:59:43 **** Incremental Build of configuration Debug for project Projeto LCD com Teclado ****
make -j12 all 
arm-none-eabi-gcc "../Core/Src/main.c" -mcpu=cortex-m0plus -std=gnu11 -g3 -DDEBUG -DUSE_HAL_DRIVER -DSTM32L053xx -c -I../Core/Inc -I../Drivers/STM32L0xx_HAL_Driver/Inc -I../Drivers/STM32L0xx_HAL_Driver/Inc/Legacy -I../Drivers/CMSIS/Device/ST/STM32L0xx/Include -I../Drivers/CMSIS/Include -O0 -ffunction-sections -fdata-sections -Wall -fstack-usage -fcyclomatic-complexity -MMD -MP -MF"Core/Src/main.d" -MT"Core/Src/main.o" --specs=nano.specs -mfloat-abi=soft -mthumb -o "Core/Src/main.o"
arm-none-eabi-gcc -o "Projeto LCD com Teclado.elf" @"objects.list"   -mcpu=cortex-m0plus -T"C:\Users\ALUNO OC\Desktop\Guto\Estudos\Programação\Microcontroladores\Projetos\Projeto LCD com Teclado\STM32L053R8TX_FLASH.ld" --specs=nosys.specs -Wl,-Map="Projeto LCD com Teclado.map" -Wl,--gc-sections -static --specs=nano.specs -mfloat-abi=soft -mthumb -Wl,--start-group -lc -lm -Wl,--end-group
Finished building target: Projeto LCD com Teclado.elf
 
arm-none-eabi-size  Projeto\ LCD\ com\ Teclado.elf 
arm-none-eabi-objdump -h -S Projeto\ LCD\ com\ Teclado.elf  > "Projeto LCD com Teclado.list"
   text	   data	    bss	    dec	    hex	filename
   9324	     24	   1648	  10996	   2af4	Projeto LCD com Teclado.elf
Finished building: default.size.stdout
 
Finished building: Projeto LCD com Teclado.list
 

20:59:44 Build Finished. 0 errors, 0 warnings. (took 866ms)

