15:14:36 **** Incremental Build of configuration Debug for project Projeto outputcompare ****
make -j12 all 
arm-none-eabi-gcc "../Core/Src/main.c" -mcpu=cortex-m0plus -std=gnu11 -g3 -DDEBUG -DUSE_HAL_DRIVER -DSTM32L053xx -c -I../Core/Inc -I../Drivers/STM32L0xx_HAL_Driver/Inc -I../Drivers/STM32L0xx_HAL_Driver/Inc/Legacy -I../Drivers/CMSIS/Device/ST/STM32L0xx/Include -I../Drivers/CMSIS/Include -O0 -ffunction-sections -fdata-sections -Wall -fstack-usage -fcyclomatic-complexity -MMD -MP -MF"Core/Src/main.d" -MT"Core/Src/main.o" --specs=nano.specs -mfloat-abi=soft -mthumb -o "Core/Src/main.o"
arm-none-eabi-gcc -o "Projeto outputcompare.elf" @"objects.list"   -mcpu=cortex-m0plus -T"C:\Users\ALUNO OC\Desktop\Guto\Estudos\Programação\Microcontroladores\Projetos\Projeto outputcompare\STM32L053R8TX_FLASH.ld" --specs=nosys.specs -Wl,-Map="Projeto outputcompare.map" -Wl,--gc-sections -static --specs=nano.specs -mfloat-abi=soft -mthumb -Wl,--start-group -lc -lm -Wl,--end-group
Finished building target: Projeto outputcompare.elf
 
arm-none-eabi-size  Projeto\ outputcompare.elf 
arm-none-eabi-objdump -h -S Projeto\ outputcompare.elf  > "Projeto outputcompare.list"
   text	   data	    bss	    dec	    hex	filename
   9728	     12	   1636	  11376	   2c70	Projeto outputcompare.elf
Finished building: default.size.stdout
 
Finished building: Projeto outputcompare.list
 

15:14:37 Build Finished. 0 errors, 0 warnings. (took 937ms)

