20:17:43 **** Incremental Build of configuration Debug for project Projeto navegar matriz 8x8 ****
make -j4 all 
arm-none-eabi-gcc "../Core/Src/main.c" -mcpu=cortex-m0plus -std=gnu11 -g3 -DDEBUG -DUSE_HAL_DRIVER -DSTM32L053xx -c -I../Core/Inc -I../Drivers/STM32L0xx_HAL_Driver/Inc -I../Drivers/STM32L0xx_HAL_Driver/Inc/Legacy -I../Drivers/CMSIS/Device/ST/STM32L0xx/Include -I../Drivers/CMSIS/Include -O0 -ffunction-sections -fdata-sections -Wall -fstack-usage -fcyclomatic-complexity -MMD -MP -MF"Core/Src/main.d" -MT"Core/Src/main.o" --specs=nano.specs -mfloat-abi=soft -mthumb -o "Core/Src/main.o"
arm-none-eabi-gcc -o "Projeto navegar matriz 8x8.elf" @"objects.list"   -mcpu=cortex-m0plus -T"C:\Users\danie\OneDrive\Desktop\microcontroladores\Microcontroladores\Projetos\Projeto navegar matriz 8x8\STM32L053R8TX_FLASH.ld" --specs=nosys.specs -Wl,-Map="Projeto navegar matriz 8x8.map" -Wl,--gc-sections -static --specs=nano.specs -mfloat-abi=soft -mthumb -Wl,--start-group -lc -lm -Wl,--end-group
Finished building target: Projeto navegar matriz 8x8.elf
 
arm-none-eabi-size  Projeto\ navegar\ matriz\ 8x8.elf 
arm-none-eabi-objdump -h -S Projeto\ navegar\ matriz\ 8x8.elf  > "Projeto navegar matriz 8x8.list"
   text	   data	    bss	    dec	    hex	filename
  10536	     32	   1928	  12496	   30d0	Projeto navegar matriz 8x8.elf
Finished building: default.size.stdout
 
Finished building: Projeto navegar matriz 8x8.list
 

20:17:44 Build Finished. 0 errors, 0 warnings. (took 1s.340ms)

