21:11:03 **** Incremental Build of configuration Debug for project Projeto sensor DHT11 ****
make -j12 all 
arm-none-eabi-gcc "../Core/Src/main.c" -mcpu=cortex-m0plus -std=gnu11 -g3 -DDEBUG -DUSE_HAL_DRIVER -DSTM32L053xx -c -I../Core/Inc -I../Drivers/STM32L0xx_HAL_Driver/Inc -I../Drivers/STM32L0xx_HAL_Driver/Inc/Legacy -I../Drivers/CMSIS/Device/ST/STM32L0xx/Include -I../Drivers/CMSIS/Include -O0 -ffunction-sections -fdata-sections -Wall -fstack-usage -fcyclomatic-complexity -MMD -MP -MF"Core/Src/main.d" -MT"Core/Src/main.o" --specs=nano.specs -mfloat-abi=soft -mthumb -o "Core/Src/main.o"
arm-none-eabi-gcc -o "Projeto sensor DHT11.elf" @"objects.list"   -mcpu=cortex-m0plus -T"C:\Users\ALUNO OC\Desktop\Guto\Estudos\Programação\Microcontroladores\Projetos\Projeto sensor DHT11\STM32L053R8TX_FLASH.ld" --specs=nosys.specs -Wl,-Map="Projeto sensor DHT11.map" -Wl,--gc-sections -static --specs=nano.specs -mfloat-abi=soft -mthumb -Wl,--start-group -lc -lm -Wl,--end-group
Finished building target: Projeto sensor DHT11.elf
 
arm-none-eabi-size  Projeto\ sensor\ DHT11.elf 
arm-none-eabi-objdump -h -S Projeto\ sensor\ DHT11.elf  > "Projeto sensor DHT11.list"
   text	   data	    bss	    dec	    hex	filename
   7984	     12	   1644	   9640	   25a8	Projeto sensor DHT11.elf
Finished building: default.size.stdout
 
Finished building: Projeto sensor DHT11.list
 

21:11:04 Build Finished. 0 errors, 0 warnings. (took 965ms)

