19:39:53 **** Incremental Build of configuration Debug for project Projeto DHT11 com siada PC ****
make -j12 all 
arm-none-eabi-gcc "../Core/Src/main.c" -mcpu=cortex-m0plus -std=gnu11 -g3 -DDEBUG -DUSE_HAL_DRIVER -DSTM32L053xx -c -I../Core/Inc -I../Drivers/STM32L0xx_HAL_Driver/Inc -I../Drivers/STM32L0xx_HAL_Driver/Inc/Legacy -I../Drivers/CMSIS/Device/ST/STM32L0xx/Include -I../Drivers/CMSIS/Include -O0 -ffunction-sections -fdata-sections -Wall -fstack-usage -fcyclomatic-complexity -MMD -MP -MF"Core/Src/main.d" -MT"Core/Src/main.o" --specs=nano.specs -mfloat-abi=soft -mthumb -o "Core/Src/main.o"
arm-none-eabi-gcc -o "Projeto DHT11 com siada PC.elf" @"objects.list"   -mcpu=cortex-m0plus -T"C:\Users\ALUNO OC\Desktop\Guto\Estudos\Programação\Microcontroladores\Projetos\Projeto DHT11 com siada PC\STM32L053R8TX_FLASH.ld" --specs=nosys.specs -Wl,-Map="Projeto DHT11 com siada PC.map" -Wl,--gc-sections -static --specs=nano.specs -mfloat-abi=soft -mthumb -u _printf_float -Wl,--start-group -lc -lm -Wl,--end-group
Finished building target: Projeto DHT11 com siada PC.elf
 
arm-none-eabi-size  Projeto\ DHT11\ com\ siada\ PC.elf 
arm-none-eabi-objdump -h -S Projeto\ DHT11\ com\ siada\ PC.elf  > "Projeto DHT11 com siada PC.list"
   text	   data	    bss	    dec	    hex	filename
  33832	    468	   2132	  36432	   8e50	Projeto DHT11 com siada PC.elf
Finished building: default.size.stdout
 
Finished building: Projeto DHT11 com siada PC.list
 

19:39:54 Build Finished. 0 errors, 0 warnings. (took 970ms)

