22:12:45 **** Incremental Build of configuration Debug for project Sensor de proximidade ****
make -j12 all 
arm-none-eabi-gcc "../Core/Src/main.c" -mcpu=cortex-m0plus -std=gnu11 -g3 -DDEBUG -DUSE_HAL_DRIVER -DSTM32L053xx -c -I../Core/Inc -I../Drivers/STM32L0xx_HAL_Driver/Inc -I../Drivers/STM32L0xx_HAL_Driver/Inc/Legacy -I../Drivers/CMSIS/Device/ST/STM32L0xx/Include -I../Drivers/CMSIS/Include -O0 -ffunction-sections -fdata-sections -Wall -fstack-usage -fcyclomatic-complexity -MMD -MP -MF"Core/Src/main.d" -MT"Core/Src/main.o" --specs=nano.specs -mfloat-abi=soft -mthumb -o "Core/Src/main.o"
arm-none-eabi-gcc -o "Sensor de proximidade.elf" @"objects.list"   -mcpu=cortex-m0plus -T"C:\Users\ALUNO OC\Desktop\PROVA B1\Sensor de proximidade\STM32L053R8TX_FLASH.ld" --specs=nosys.specs -Wl,-Map="Sensor de proximidade.map" -Wl,--gc-sections -static --specs=nano.specs -mfloat-abi=soft -mthumb -Wl,--start-group -lc -lm -Wl,--end-group
Finished building target: Sensor de proximidade.elf
 
arm-none-eabi-size  Sensor\ de\ proximidade.elf 
arm-none-eabi-objdump -h -S Sensor\ de\ proximidade.elf  > "Sensor de proximidade.list"
   text	   data	    bss	    dec	    hex	filename
  16268	     12	   1824	  18104	   46b8	Sensor de proximidade.elf
Finished building: default.size.stdout
 
Finished building: Sensor de proximidade.list
 

22:12:46 Build Finished. 0 errors, 0 warnings. (took 883ms)

