21:48:16 **** Incremental Build of configuration Debug for project Teste ****
make -j12 all 
arm-none-eabi-gcc "../Core/Src/main.c" -mcpu=cortex-m0plus -std=gnu11 -g3 -DDEBUG -DUSE_HAL_DRIVER -DSTM32L053xx -c -I../Core/Inc -I../Drivers/STM32L0xx_HAL_Driver/Inc -I../Drivers/STM32L0xx_HAL_Driver/Inc/Legacy -I../Drivers/CMSIS/Device/ST/STM32L0xx/Include -I../Drivers/CMSIS/Include -O0 -ffunction-sections -fdata-sections -Wall -fstack-usage -fcyclomatic-complexity -MMD -MP -MF"Core/Src/main.d" -MT"Core/Src/main.o" --specs=nano.specs -mfloat-abi=soft -mthumb -o "Core/Src/main.o"
arm-none-eabi-gcc -o "Teste.elf" @"objects.list"   -mcpu=cortex-m0plus -T"C:\Users\ALUNO OC\Desktop\Guto\Estudos\Programação\Microcontroladores\Teste\STM32L053R8TX_FLASH.ld" --specs=nosys.specs -Wl,-Map="Teste.map" -Wl,--gc-sections -static --specs=nano.specs -mfloat-abi=soft -mthumb -Wl,--start-group -lc -lm -Wl,--end-group
Finished building target: Teste.elf
 
arm-none-eabi-size  Teste.elf 
arm-none-eabi-objdump -h -S Teste.elf  > "Teste.list"
   text	   data	    bss	    dec	    hex	filename
   6984	     32	   1568	   8584	   2188	Teste.elf
Finished building: default.size.stdout
 
Finished building: Teste.list
 

21:48:17 Build Finished. 0 errors, 0 warnings. (took 920ms)

