23:45:06 **** Incremental Build of configuration Debug for project TM1638 ****
make -j12 all 
arm-none-eabi-gcc "../Core/Src/main.c" -mcpu=cortex-m0plus -std=gnu11 -g3 -DDEBUG -DUSE_HAL_DRIVER -DSTM32L053xx -c -I../Core/Inc -I../Drivers/STM32L0xx_HAL_Driver/Inc -I../Drivers/STM32L0xx_HAL_Driver/Inc/Legacy -I../Drivers/CMSIS/Device/ST/STM32L0xx/Include -I../Drivers/CMSIS/Include -O0 -ffunction-sections -fdata-sections -Wall -fstack-usage -fcyclomatic-complexity -MMD -MP -MF"Core/Src/main.d" -MT"Core/Src/main.o" --specs=nano.specs -mfloat-abi=soft -mthumb -o "Core/Src/main.o"
arm-none-eabi-gcc -o "TM1638.elf" @"objects.list"   -mcpu=cortex-m0plus -T"C:\Users\ALUNO OC\Desktop\PROVA B1\TM1638\STM32L053R8TX_FLASH.ld" --specs=nosys.specs -Wl,-Map="TM1638.map" -Wl,--gc-sections -static --specs=nano.specs -mfloat-abi=soft -mthumb -Wl,--start-group -lc -lm -Wl,--end-group
Finished building target: TM1638.elf
 
arm-none-eabi-size  TM1638.elf 
arm-none-eabi-objdump -h -S TM1638.elf  > "TM1638.list"
   text	   data	    bss	    dec	    hex	filename
   7212	     12	   1660	   8884	   22b4	TM1638.elf
Finished building: default.size.stdout
 
Finished building: TM1638.list
 

23:45:07 Build Finished. 0 errors, 0 warnings. (took 1s.380ms)

