../Core/Src/main.c:99:5:main	8	static
../Core/Src/main.c:152:6:SystemClock_Config	96	static
../Core/Src/main.c:196:13:MX_TIM6_Init	16	static
../Core/Src/main.c:234:13:MX_GPIO_Init	48	static
../Core/Src/main.c:305:6:HAL_TIM_PeriodElapsedCallback	16	static
../Core/Src/main.c:310:6:Keyboard_check	8	static
../Core/Src/main.c:337:6:Line_verify	16	static
../Core/Src/main.c:361:6:Start_LCD	8	static
../Core/Src/main.c:373:6:Mensage_LCD	24	static
../Core/Src/main.c:379:6:Controler_LCD	16	static
../Core/Src/main.c:424:6:Error_Handler	8	static,ignoring_inline_asm
