../Core/Src/main.c:93:5:main	16	static
../Core/Src/main.c:161:6:SystemClock_Config	128	static
../Core/Src/main.c:209:13:MX_USART1_UART_Init	8	static
../Core/Src/main.c:244:13:MX_GPIO_Init	48	static
../Core/Src/main.c:310:6:M8x8_Manager	16	static
../Core/Src/main.c:346:6:M8x8_Animation	16	static
../Core/Src/main.c:401:6:Data_Ressive_Interpreter	16	static
../Core/Src/main.c:414:6:ConvertedValue	16	static
../Core/Src/main.c:447:6:Start_LCD	8	static
../Core/Src/main.c:471:6:Data_Manager_LCD	16	static
../Core/Src/main.c:503:6:Send_Message	24	static
../Core/Src/main.c:509:6:HAL_UART_RxCpltCallback	16	static
../Core/Src/main.c:519:6:Error_Handler	8	static,ignoring_inline_asm
