../Core/Src/main.c:70:6:DHT11_Start	8	static
../Core/Src/main.c:81:9:DHT11_CheckResponse	16	static
../Core/Src/main.c:95:9:DHT11_Read	16	static
../Core/Src/main.c:123:5:main	8	static
../Core/Src/main.c:186:6:SystemClock_Config	128	static
../Core/Src/main.c:234:13:MX_TIM6_Init	16	static
../Core/Src/main.c:272:13:MX_USART1_UART_Init	8	static
../Core/Src/main.c:307:13:MX_GPIO_Init	32	static
../Core/Src/main.c:333:6:Delay_MicroSeconds	16	static
../Core/Src/main.c:338:6:Set_PinOutput	48	static
../Core/Src/main.c:346:6:Set_PinInput	48	static
../Core/Src/main.c:354:6:SendValues	72	static
../Core/Src/main.c:368:6:Error_Handler	8	static,ignoring_inline_asm
