../Core/Src/main.c:78:6:NOTE_Controler	24	static
../Core/Src/main.c:84:6:BUZ_Tone	16	static
../Core/Src/main.c:107:5:main	8	static
../Core/Src/main.c:155:6:SystemClock_Config	96	static
../Core/Src/main.c:196:13:MX_TIM22_Init	48	static
../Core/Src/main.c:255:13:MX_GPIO_Init	48	static
../Core/Src/main.c:292:6:STARTUP_LCD	8	static
../Core/Src/main.c:301:6:MESSAGE_LCD	24	static
../Core/Src/main.c:308:6:MANAGER_LCD	16	static
../Core/Src/main.c:338:6:BUZ_Altern_UP	8	static
../Core/Src/main.c:343:6:BUZ_Altern_DOWN	8	static
../Core/Src/main.c:348:6:BUZ_Start	8	static
../Core/Src/main.c:361:6:BUZ_Confirm	8	static
../Core/Src/main.c:369:6:BUZ_Transference	8	static
../Core/Src/main.c:389:6:Error_Handler	8	static,ignoring_inline_asm
