18:20:01 **** Incremental Build of configuration Debug for project Internal Interrupt ****
make -j24 all 
arm-none-eabi-gcc "../Core/Src/main.c" -mcpu=cortex-m0plus -std=gnu11 -g3 -DDEBUG -DUSE_HAL_DRIVER -DSTM32L053xx -c -I../Core/Inc -I../Drivers/STM32L0xx_HAL_Driver/Inc -I../Drivers/STM32L0xx_HAL_Driver/Inc/Legacy -I../Drivers/CMSIS/Device/ST/STM32L0xx/Include -I../Drivers/CMSIS/Include -O0 -ffunction-sections -fdata-sections -Wall -fstack-usage -fcyclomatic-complexity -MMD -MP -MF"Core/Src/main.d" -MT"Core/Src/main.o" --specs=nano.specs -mfloat-abi=soft -mthumb -o "Core/Src/main.o"
arm-none-eabi-gcc -o "Internal Interrupt.elf" @"objects.list"   -mcpu=cortex-m0plus -T"C:\Users\Eletronica\STM32CubeIDE\workspace_1.19.0\Internal Interrupt\STM32L053R8TX_FLASH.ld" --specs=nosys.specs -Wl,-Map="Internal Interrupt.map" -Wl,--gc-sections -static --specs=nano.specs -mfloat-abi=soft -mthumb -Wl,--start-group -lc -lm -Wl,--end-group
Finished building target: Internal Interrupt.elf
 
arm-none-eabi-size  Internal\ Interrupt.elf 
arm-none-eabi-objdump -h -S Internal\ Interrupt.elf  > "Internal Interrupt.list"
   text	   data	    bss	    dec	    hex	filename
   7916	     12	   1644	   9572	   2564	Internal Interrupt.elf
Finished building: default.size.stdout
 
Finished building: Internal Interrupt.list
 

18:20:02 Build Finished. 0 errors, 0 warnings. (took 485ms)

