20:10:28 **** Incremental Build of configuration Debug for project PWR_MODE_BLUE_PILL ****
make -j24 all 
arm-none-eabi-gcc "../Core/Src/main.c" -mcpu=cortex-m3 -std=gnu11 -g3 -DDEBUG -DUSE_HAL_DRIVER -DSTM32F103x6 -c -I../Core/Inc -I../Drivers/STM32F1xx_HAL_Driver/Inc/Legacy -I../Drivers/STM32F1xx_HAL_Driver/Inc -I../Drivers/CMSIS/Device/ST/STM32F1xx/Include -I../Drivers/CMSIS/Include -O0 -ffunction-sections -fdata-sections -Wall -fstack-usage -fcyclomatic-complexity -MMD -MP -MF"Core/Src/main.d" -MT"Core/Src/main.o" --specs=nano.specs -mfloat-abi=soft -mthumb -o "Core/Src/main.o"
arm-none-eabi-gcc -o "PWR_MODE_BLUE_PILL.elf" @"objects.list"   -mcpu=cortex-m3 -T"C:\Users\Eletronica\STM32CubeIDE\workspace_1.19.0\PWR_MODE_BLUE_PILL\STM32F103C6TX_FLASH.ld" --specs=nosys.specs -Wl,-Map="PWR_MODE_BLUE_PILL.map" -Wl,--gc-sections -static --specs=nano.specs -mfloat-abi=soft -mthumb -Wl,--start-group -lc -lm -Wl,--end-group
Finished building target: PWR_MODE_BLUE_PILL.elf
 
arm-none-eabi-size  PWR_MODE_BLUE_PILL.elf 
arm-none-eabi-objdump -h -S PWR_MODE_BLUE_PILL.elf  > "PWR_MODE_BLUE_PILL.list"
   text	   data	    bss	    dec	    hex	filename
   4772	     12	   1572	   6356	   18d4	PWR_MODE_BLUE_PILL.elf
Finished building: default.size.stdout
 
Finished building: PWR_MODE_BLUE_PILL.list
 

20:10:29 Build Finished. 0 errors, 0 warnings. (took 328ms)

