../Core/Src/main.c:84:5:main	8	static
../Core/Src/main.c:133:6:SystemClock_Config	96	static
../Core/Src/main.c:175:13:MX_TIM6_Init	16	static
../Core/Src/main.c:213:13:MX_GPIO_Init	48	static
../Core/Src/main.c:261:6:DataManager	16	static
../Core/Src/main.c:295:6:StartLCD	8	static
../Core/Src/main.c:309:6:MessageManager	24	static
../Core/Src/main.c:320:6:DHTInterpreter	152	static
../Core/Src/main.c:359:6:DHTExitSet	32	static
../Core/Src/main.c:375:6:DHTInputSet	32	static
../Core/Src/main.c:391:6:Error_Handler	8	static,ignoring_inline_asm
