../Core/Src/main.c:91:6:MELODY_Init	8	static
../Core/Src/main.c:95:6:MELODY_Control	16	static
../Core/Src/main.c:106:6:MELODY_Startup	8	static
../Core/Src/main.c:115:6:LIGHT_Startup	16	static
../Core/Src/main.c:144:6:HAL_TIM_IC_CaptureCallback	16	static
../Core/Src/main.c:186:5:main	16	static
../Core/Src/main.c:275:6:SystemClock_Config	128	static
../Core/Src/main.c:323:13:MX_I2C1_Init	8	static
../Core/Src/main.c:371:13:MX_TIM2_Init	32	static
../Core/Src/main.c:419:13:MX_TIM22_Init	48	static
../Core/Src/main.c:478:13:MX_GPIO_Init	48	static
../Core/Src/main.c:533:6:Error_Handler	8	static,ignoring_inline_asm
