../Core/Src/main.c:71:5:main	8	static
../Core/Src/main.c:129:6:SystemClock_Config	96	static
../Core/Src/main.c:170:13:MX_TIM2_Init	32	static
../Core/Src/main.c:215:13:MX_GPIO_Init	32	static
../Core/Src/main.c:241:6:DHT11_START	8	static
../Core/Src/main.c:250:6:DELAY_MICRO	16	static
../Core/Src/main.c:254:9:DHT11_READ_RESPONSE	16	static
../Core/Src/main.c:266:9:DHT11_CHECK_RESPONSE	8	static
../Core/Src/main.c:279:6:DHT11_ALTERN_PIN	48	static
../Core/Src/main.c:304:6:Error_Handler	8	static,ignoring_inline_asm
