../Core/Src/main.c:112:6:HAL_TIM_PeriodElapsedCallback	16	static
../Core/Src/main.c:137:5:main	48	static
../Core/Src/main.c:218:6:SystemClock_Config	128	static
../Core/Src/main.c:266:13:MX_I2C1_Init	8	static
../Core/Src/main.c:314:13:MX_SPI1_Init	8	static
../Core/Src/main.c:352:13:MX_TIM6_Init	16	static
../Core/Src/main.c:390:13:MX_GPIO_Init	48	static
../Core/Src/main.c:439:6:MAX7219_Times	8	static
../Core/Src/main.c:461:6:MAX7219_SendData	16	static
../Core/Src/main.c:474:6:MAX7219_Initialize	8	static
../Core/Src/main.c:492:6:MAX7219_WriteData	24	static
../Core/Src/main.c:499:5:Converter	32	static
../Core/Src/main.c:512:6:DS3231_SetTime	40	static
../Core/Src/main.c:528:6:DS3231_SetDate	40	static
../Core/Src/main.c:544:6:ConvertDataForLcd	8	static
../Core/Src/main.c:573:6:Error_Handler	8	static,ignoring_inline_asm
