../Core/Src/stm32l0xx_hal_msp.c:65:6:HAL_MspInit	8	static
../Core/Src/stm32l0xx_hal_msp.c:88:6:HAL_TIM_PWM_MspInit	16	static
../Core/Src/stm32l0xx_hal_msp.c:111:6:HAL_TIM_IC_MspInit	48	static
../Core/Src/stm32l0xx_hal_msp.c:144:6:HAL_TIM_MspPostInit	48	static
../Core/Src/stm32l0xx_hal_msp.c:178:6:HAL_TIM_PWM_MspDeInit	16	static
../Core/Src/stm32l0xx_hal_msp.c:200:6:HAL_TIM_IC_MspDeInit	16	static
../Core/Src/stm32l0xx_hal_msp.c:230:6:HAL_UART_MspInit	48	static
../Core/Src/stm32l0xx_hal_msp.c:267:6:HAL_UART_MspDeInit	16	static
