../Core/Src/main.c:97:6:HAL_TIM_IC_CaptureCallback	4
../Core/Src/main.c:120:6:OLED_DrawRadar	4
../Core/Src/main.c:146:6:u_Delay	2
../Core/Src/main.c:151:6:ULTRASONIC_ReadValue	1
../Core/Src/main.c:159:6:MOTOR_direction	13
../Core/Src/main.c:212:5:main	1
../Core/Src/main.c:273:6:SystemClock_Config	4
../Core/Src/main.c:321:13:MX_I2C1_Init	4
../Core/Src/main.c:369:13:MX_TIM2_Init	6
../Core/Src/main.c:427:13:MX_TIM6_Init	3
../Core/Src/main.c:465:13:MX_GPIO_Init	1
../Core/Src/main.c:521:6:Error_Handler	1
