../Core/Src/main.c:161:19:DS3231_StartUp	24	static
../Core/Src/main.c:167:5:Converter	32	static
../Core/Src/main.c:178:6:DS3231_SetTime	40	static
../Core/Src/main.c:194:6:DS3231_SetDate	40	static
../Core/Src/main.c:210:6:DS3231_GetValues	32	static
../Core/Src/main.c:226:6:ENCODER_Interpreter	8	static
../Core/Src/main.c:236:6:Keyboard_check	16	static
../Core/Src/main.c:265:6:NoiseSensor	8	static
../Core/Src/main.c:272:6:NoiseInterpreter	8	static
../Core/Src/main.c:470:6:SendMotor	8	static
../Core/Src/main.c:501:5:main	384	static
../Core/Src/main.c:729:6:SystemClock_Config	128	static
../Core/Src/main.c:777:13:MX_ADC_Init	16	static
../Core/Src/main.c:833:13:MX_I2C1_Init	8	static
../Core/Src/main.c:881:13:MX_TIM2_Init	64	static
../Core/Src/main.c:930:13:MX_GPIO_Init	48	static
../Core/Src/main.c:1000:6:Error_Handler	8	static,ignoring_inline_asm
