../Core/Src/main.c:87:5:main	8	static
../Core/Src/main.c:135:6:SystemClock_Config	96	static
../Core/Src/main.c:176:13:MX_ADC_Init	16	static
../Core/Src/main.c:240:13:MX_GPIO_Init	48	static
../Core/Src/main.c:296:6:resetMap	16	static
../Core/Src/main.c:305:6:infoManager	32	static
../Core/Src/main.c:358:6:informationlLine	16	static
../Core/Src/main.c:369:6:informationCarrer	16	static
../Core/Src/main.c:389:6:verifyDirection	24	static
../Core/Src/main.c:439:6:Error_Handler	8	static,ignoring_inline_asm
